Component: ARM Compiler 5.05 update 1 (build 106) Tool: armlink [4d0efa]

==============================================================================

Section Cross References

    startup_stm32f40_41xxx.o(STACK) refers (Special) to heapauxi.o(.text) for __use_two_region_memory
    startup_stm32f40_41xxx.o(HEAP) refers (Special) to heapauxi.o(.text) for __use_two_region_memory
    startup_stm32f40_41xxx.o(RESET) refers (Special) to heapauxi.o(.text) for __use_two_region_memory
    startup_stm32f40_41xxx.o(RESET) refers to startup_stm32f40_41xxx.o(STACK) for __initial_sp
    startup_stm32f40_41xxx.o(RESET) refers to startup_stm32f40_41xxx.o(.text) for Reset_Handler
    startup_stm32f40_41xxx.o(RESET) refers to usmart.o(i.TIM4_IRQHandler) for TIM4_IRQHandler
    startup_stm32f40_41xxx.o(RESET) refers to usart.o(i.USART1_IRQHandler) for USART1_IRQHandler
    startup_stm32f40_41xxx.o(.text) refers (Special) to heapauxi.o(.text) for __use_two_region_memory
    startup_stm32f40_41xxx.o(.text) refers to __main.o(!!!main) for __main
    startup_stm32f40_41xxx.o(.text) refers to startup_stm32f40_41xxx.o(HEAP) for Heap_Mem
    startup_stm32f40_41xxx.o(.text) refers to startup_stm32f40_41xxx.o(STACK) for Stack_Mem
    test.o(i.go_enemy_72) refers to engines.o(i.go_delta_f_error) for go_delta_f_error
    test.o(i.go_enemy_72) refers to engines.o(i.go_delta_r_error) for go_delta_r_error
    test.o(i.go_enemy_72) refers to engines.o(i.head_right) for head_right
    test.o(i.go_enemy_72) refers to delay.o(i.delay_ms) for delay_ms
    test.o(i.go_enemy_72) refers to engines.o(i.ENGINES_stop) for ENGINES_stop
    test.o(i.go_enemy_73) refers to engines.o(i.go_delta_f) for go_delta_f
    test.o(i.go_enemy_73) refers to engines.o(i.go_delta_r_error) for go_delta_r_error
    test.o(i.go_enemy_73) refers to engines.o(i.go_delta_f_error) for go_delta_f_error
    test.o(i.go_enemy_73) refers to engines.o(i.ENGINES_stop) for ENGINES_stop
    test.o(i.go_enemy_73) refers to engines.o(i.head_right) for head_right
    test.o(i.go_enemy_73) refers to pwm912.o(i.ServoB_Set) for ServoB_Set
    test.o(i.go_enemy_73) refers to pwm912.o(i.ServoR_Set) for ServoR_Set
    test.o(i.go_enemy_73) refers to pwm912.o(i.ServoL_Set) for ServoL_Set
    test.o(i.go_enemy_73) refers to pwm912.o(i.ServoF_Set) for ServoF_Set
    test.o(i.go_enemy_73) refers to delay.o(i.delay_ms) for delay_ms
    test.o(i.go_enemy_73) refers to engines.o(i.head_front) for head_front
    test.o(i.go_enemy_73) refers to engines.o(i.head_behind) for head_behind
    test.o(i.go_enemy_74) refers to engines.o(i.go_delta_f_error) for go_delta_f_error
    test.o(i.go_enemy_74) refers to engines.o(i.go_delta_r_error) for go_delta_r_error
    test.o(i.go_enemy_74) refers to engines.o(i.go_delta_f_error2) for go_delta_f_error2
    test.o(i.go_enemy_74) refers to engines.o(i.go_delta_l_error2) for go_delta_l_error2
    test.o(i.go_enemy_74) refers to engines.o(i.go_delta_r_error2) for go_delta_r_error2
    test.o(i.go_enemy_74) refers to engines.o(i.head_right) for head_right
    test.o(i.go_enemy_74) refers to delay.o(i.delay_ms) for delay_ms
    test.o(i.go_enemy_74) refers to engines.o(i.ENGINES_stop) for ENGINES_stop
    test.o(i.go_one) refers to engines.o(i.go_delta_f_error) for go_delta_f_error
    test.o(i.go_one) refers to engines.o(i.go_delta_f) for go_delta_f
    test.o(i.go_one) refers to engines.o(i.go_delta_r) for go_delta_r
    test.o(i.go_one) refers to engines.o(i.go_delta_b) for go_delta_b
    test.o(i.go_one) refers to engines.o(i.go_delta_b_error) for go_delta_b_error
    test.o(i.go_one) refers to engines.o(i.go_delta_l) for go_delta_l
    test.o(i.go_one) refers to test.o(i.go_out) for go_out
    test.o(i.go_out) refers to engines.o(i.ENGINES_stop) for ENGINES_stop
    test.o(i.go_out) refers to engines.o(i.head_left) for head_left
    test.o(i.go_out) refers to pwm912.o(i.ServoB_Set) for ServoB_Set
    test.o(i.go_out) refers to pwm912.o(i.ServoR_Set) for ServoR_Set
    test.o(i.go_out) refers to pwm912.o(i.ServoL_Set) for ServoL_Set
    test.o(i.go_out) refers to pwm912.o(i.ServoF_Set) for ServoF_Set
    test.o(i.go_out) refers to delay.o(i.delay_ms) for delay_ms
    test.o(i.go_out) refers to engines.o(i.head_front) for head_front
    test.o(i.go_out) refers to engines.o(i.head_behind) for head_behind
    test.o(i.go_out) refers to engines.o(i.anti_clock) for anti_clock
    test.o(i.go_out) refers to engines.o(i.head_right) for head_right
    test.o(i.go_out) refers to engines.o(i.clock_wise) for clock_wise
    test.o(i.go_test) refers to engines.o(i.go_delta_f) for go_delta_f
    test.o(i.go_test) refers to engines.o(i.go_delta_l) for go_delta_l
    test.o(i.go_test) refers to pwm912.o(i.ServoB_Set) for ServoB_Set
    test.o(i.go_test) refers to pwm912.o(i.ServoR_Set) for ServoR_Set
    test.o(i.go_test) refers to pwm912.o(i.ServoL_Set) for ServoL_Set
[...]
    Removing engines.o(i.go_delta_b_error2), (106 bytes).
    Removing engines.o(i.gob_error2), (306 bytes).
    Removing engines.o(.data), (8 bytes).
    Removing gps.o(.rev16_text), (4 bytes).
    Removing gps.o(.revsh_text), (4 bytes).
    Removing pwm912.o(.rev16_text), (4 bytes).
    Removing pwm912.o(.revsh_text), (4 bytes).
    Removing key.o(.rev16_text), (4 bytes).
    Removing key.o(.revsh_text), (4 bytes).
    Removing usmart.o(.rev16_text), (4 bytes).
    Removing usmart.o(.revsh_text), (4 bytes).
    Removing usmart_config.o(.rev16_text), (4 bytes).
    Removing usmart_config.o(.revsh_text), (4 bytes).
    Removing usmart_str.o(.rev16_text), (4 bytes).
    Removing usmart_str.o(.revsh_text), (4 bytes).

51 unused section(s) (total 1636 bytes) removed from the image.

==============================================================================

Image Symbol Table

    Local Symbols

    Symbol Name                              Value     Ov Type        Size  Object(Section)

    ../clib/angel/boardlib.s                 0x00000000   Number         0  boardshut.o ABSOLUTE
    ../clib/angel/boardlib.s                 0x00000000   Number         0  boardinit3.o ABSOLUTE
    ../clib/angel/boardlib.s                 0x00000000   Number         0  boardinit1.o ABSOLUTE
    ../clib/angel/boardlib.s                 0x00000000   Number         0  boardinit2.o ABSOLUTE
    ../clib/angel/dczerorl2.s                0x00000000   Number         0  __dczerorl2.o ABSOLUTE
    ../clib/angel/handlers.s                 0x00000000   Number         0  __scatter_zi.o ABSOLUTE
    ../clib/angel/kernel.s                   0x00000000   Number         0  rtexit.o ABSOLUTE
    ../clib/angel/kernel.s                   0x00000000   Number         0  rtexit2.o ABSOLUTE
    ../clib/angel/kernel.s                   0x00000000   Number         0  __rtentry.o ABSOLUTE
    ../clib/angel/kernel.s                   0x00000000   Number         0  __rtentry2.o ABSOLUTE
    ../clib/angel/kernel.s                   0x00000000   Number         0  __rtentry4.o ABSOLUTE
    ../clib/angel/rt.s                       0x00000000   Number         0  rt_raise.o ABSOLUTE
    ../clib/angel/scatter.s                  0x00000000   Number         0  __scatter.o ABSOLUTE
    ../clib/angel/startup.s                  0x00000000   Number         0  __main.o ABSOLUTE
    ../clib/angel/sys.s                      0x00000000   Number         0  libspace.o ABSOLUTE
    ../clib/angel/sys.s                      0x00000000   Number         0  sys_stackheap_outer.o ABSOLUTE
    ../clib/angel/sys.s                      0x00000000   Number         0  indicate_semi.o ABSOLUTE
    ../clib/angel/sys.s                      0x00000000   Number         0  use_no_semi_2.o ABSOLUTE
    ../clib/angel/sys.s                      0x00000000   Number         0  use_no_semi.o ABSOLUTE
    ../clib/angel/sysapp.c                   0x00000000   Number         0  sys_command.o ABSOLUTE
    ../clib/angel/sysapp.c                   0x00000000   Number         0  sys_wrch.o ABSOLUTE
    ../clib/armsys.c                         0x00000000   Number         0  no_argv.o ABSOLUTE
    ../clib/armsys.c                         0x00000000   Number         0  _get_argv_nomalloc.o ABSOLUTE
    ../clib/armsys.c                         0x00000000   Number         0  argv_veneer.o ABSOLUTE
    ../clib/armsys.c                         0x00000000   Number         0  argv_veneer.o ABSOLUTE
    ../clib/heapalloc.c                      0x00000000   Number         0  hrguard.o ABSOLUTE
    ../clib/heapaux.c                        0x00000000   Number         0  heapauxi.o ABSOLUTE
    ../clib/libinit.s                        0x00000000   Number         0  libshutdown.o ABSOLUTE
    ../clib/libinit.s                        0x00000000   Number         0  libinit.o ABSOLUTE
    ../clib/libinit.s                        0x00000000   Number         0  libshutdown2.o ABSOLUTE
    ../clib/libinit.s                        0x00000000   Number         0  libinit2.o ABSOLUTE
    ../clib/misc.s                           0x00000000   Number         0  printf_stubs.o ABSOLUTE
    ../clib/printf.c                         0x00000000   Number         0  __2printf.o ABSOLUTE
    ../clib/printf.c                         0x00000000   Number         0  noretval__2printf.o ABSOLUTE
    ../clib/printf.c                         0x00000000   Number         0  _printf_hex_int_ll.o ABSOLUTE
    ../clib/printf.c                         0x00000000   Number         0  __printf_nopercent.o ABSOLUTE
    ../clib/printf.c                         0x00000000   Number         0  _printf_char_common.o ABSOLUTE
    ../clib/printf.c                         0x00000000   Number         0  _printf_char_file.o ABSOLUTE
    ../clib/printf.c                         0x00000000   Number         0  _printf_intcommon.o ABSOLUTE
    ../clib/printf.c                         0x00000000   Number         0  __printf_flags_ss_wp.o ABSOLUTE
    ../clib/printf.c                         0x00000000   Number         0  __printf_ss_wp.o ABSOLUTE
    ../clib/printf.c                         0x00000000   Number         0  __printf_flags_wp.o ABSOLUTE
    ../clib/printf.c                         0x00000000   Number         0  __printf_wp.o ABSOLUTE
    ../clib/printf.c                         0x00000000   Number         0  __printf_flags_ss.o ABSOLUTE
    ../clib/printf.c                         0x00000000   Number         0  __printf_ss.o ABSOLUTE
    ../clib/printf.c                         0x00000000   Number         0  __printf_flags.o ABSOLUTE
    ../clib/printf.c                         0x00000000   Number         0  _printf_hex_int_ll_ptr.o ABSOLUTE
    ../clib/printf.c                         0x00000000   Number         0  _printf_hex_ll_ptr.o ABSOLUTE
    ../clib/printf.c                         0x00000000   Number         0  _printf_char.o ABSOLUTE
    ../clib/printf.c                         0x00000000   Number         0  _printf_hex_int_ptr.o ABSOLUTE
    ../clib/printf.c                         0x00000000   Number         0  _printf_hex_ptr.o ABSOLUTE
    ../clib/printf.c                         0x00000000   Number         0  _printf_hex_int.o ABSOLUTE
    ../clib/printf.c                         0x00000000   Number         0  _printf_hex_ll.o ABSOLUTE
    ../clib/printf.c                         0x00000000   Number         0  _printf_dec.o ABSOLUTE
    ../clib/printf.c                         0x00000000   Number         0  _printf_str.o ABSOLUTE
    ../clib/printf.c                         0x00000000   Number         0  _printf_pad.o ABSOLUTE
    ../clib/printf.c                         0x00000000   Number         0  __printf.o ABSOLUTE
    ../clib/printf_percent.s                 0x00000000   Number         0  _printf_x.o ABSOLUTE
    ../clib/printf_percent.s                 0x00000000   Number         0  _printf_d.o ABSOLUTE
    ../clib/printf_percent.s                 0x00000000   Number         0  _printf_percent.o ABSOLUTE
    ../clib/printf_percent.s                 0x00000000   Number         0  _printf_s.o ABSOLUTE
    ../clib/printf_percent.s                 0x00000000   Number         0  _printf_percent_end.o ABSOLUTE
    ../clib/printf_percent.s                 0x00000000   Number         0  _printf_c.o ABSOLUTE
    ../clib/printf_percent.s                 0x00000000   Number         0  _printf_u.o ABSOLUTE
    ../clib/signal.c                         0x00000000   Number         0  defsig_stak_inner.o ABSOLUTE
    ../clib/signal.c                         0x00000000   Number         0  defsig_rtred_inner.o ABSOLUTE
    ../clib/signal.c                         0x00000000   Number         0  defsig_fpe_inner.o ABSOLUTE
    ../clib/signal.c                         0x00000000   Number         0  defsig_abrt_inner.o ABSOLUTE
    ../clib/signal.c                         0x00000000   Number         0  defsig_cppl_inner.o ABSOLUTE
    ../clib/signal.c                         0x00000000   Number         0  defsig_pvfn_inner.o ABSOLUTE
    ../clib/signal.c                         0x00000000   Number         0  defsig_rtmem_formal.o ABSOLUTE
    ../clib/signal.c                         0x00000000   Number         0  defsig_rtmem_inner.o ABSOLUTE
    ../clib/signal.c                         0x00000000   Number         0  defsig_general.o ABSOLUTE
    ../clib/signal.c                         0x00000000   Number         0  __raise.o ABSOLUTE
    ../clib/signal.c                         0x00000000   Number         0  defsig_rtmem_outer.o ABSOLUTE
    ../clib/signal.c                         0x00000000   Number         0  defsig_exit.o ABSOLUTE
    ../clib/signal.c                         0x00000000   Number         0  defsig_other.o ABSOLUTE
    ../clib/signal.c                         0x00000000   Number         0  defsig_segv_inner.o ABSOLUTE
    ../clib/signal.s                         0x00000000   Number         0  defsig.o ABSOLUTE
    ../clib/stdio.c                          0x00000000   Number         0  ferror_locked.o ABSOLUTE
    ../clib/stdio.c                          0x00000000   Number         0  ferror.o ABSOLUTE
    ../clib/stdlib.c                         0x00000000   Number         0  exit.o ABSOLUTE
    ../fplib/fpinit.s                        0x00000000   Number         0  fpinit.o ABSOLUTE
    ..\HARDWARE\GPS\gps.c                    0x00000000   Number         0  gps.o ABSOLUTE
    ..\HARDWARE\KEY\key.c                    0x00000000   Number         0  key.o ABSOLUTE
    ..\HARDWARE\LED\led.c                    0x00000000   Number         0  led.o ABSOLUTE
    ..\HARDWARE\engines\engines.c            0x00000000   Number         0  engines.o ABSOLUTE
    ..\HARDWARE\pwm10111314\pwm10111314.c    0x00000000   Number         0  pwm10111314.o ABSOLUTE
    ..\HARDWARE\pwm912\pwm912.c              0x00000000   Number         0  pwm912.o ABSOLUTE
    ..\SYSTEM\delay\delay.c                  0x00000000   Number         0  delay.o ABSOLUTE
    ..\SYSTEM\sys\sys.c                      0x00000000   Number         0  sys.o ABSOLUTE
    ..\SYSTEM\usart\usart.c                  0x00000000   Number         0  usart.o ABSOLUTE
    ..\USMART\usmart.c                       0x00000000   Number         0  usmart.o ABSOLUTE
    ..\USMART\usmart_config.c                0x00000000   Number         0  usmart_config.o ABSOLUTE
    ..\USMART\usmart_str.c                   0x00000000   Number         0  usmart_str.o ABSOLUTE
    ..\\HARDWARE\\GPS\\gps.c                 0x00000000   Number         0  gps.o ABSOLUTE
    ..\\HARDWARE\\KEY\\key.c                 0x00000000   Number         0  key.o ABSOLUTE
    ..\\HARDWARE\\LED\\led.c                 0x00000000   Number         0  led.o ABSOLUTE
    ..\\HARDWARE\\engines\\engines.c         0x00000000   Number         0  engines.o ABSOLUTE
    ..\\HARDWARE\\pwm10111314\\pwm10111314.c 0x00000000   Number         0  pwm10111314.o ABSOLUTE
    ..\\HARDWARE\\pwm912\\pwm912.c           0x00000000   Number         0  pwm912.o ABSOLUTE
    ..\\SYSTEM\\delay\\delay.c               0x00000000   Number         0  delay.o ABSOLUTE
    ..\\SYSTEM\\sys\\sys.c                   0x00000000   Number         0  sys.o ABSOLUTE
    ..\\SYSTEM\\usart\\usart.c               0x00000000   Number         0  usart.o ABSOLUTE
    ..\\USMART\\usmart.c                     0x00000000   Number         0  usmart.o ABSOLUTE
    ..\\USMART\\usmart_config.c              0x00000000   Number         0  usmart_config.o ABSOLUTE
    ..\\USMART\\usmart_str.c                 0x00000000   Number         0  usmart_str.o ABSOLUTE
    dc.s                                     0x00000000   Number         0  dc.o ABSOLUTE
    startup_stm32f40_41xxx.s                 0x00000000   Number         0  startup_stm32f40_41xxx.o ABSOLUTE
    test.c                                   0x00000000   Number         0  test.o ABSOLUTE
    test.c                                   0x00000000   Number         0  test.o ABSOLUTE
    RESET                                    0x08000000   Section      392  startup_stm32f40_41xxx.o(RESET)
    !!!main                                  0x08000188   Section        8  __main.o(!!!main)
    !!!scatter                               0x08000190   Section       52  __scatter.o(!!!scatter)
    !!dczerorl2                              0x080001c4   Section       90  __dczerorl2.o(!!dczerorl2)
    !!handler_zi                             0x08000220   Section       28  __scatter_zi.o(!!handler_zi)
    .ARM.Collect$$_printf_percent$$00000000  0x0800023c   Section        0  _printf_percent.o(.ARM.Collect$$_printf_percent$$00000000)
    .ARM.Collect$$_printf_percent$$00000009  0x0800023c   Section        6  _printf_d.o(.ARM.Collect$$_printf_percent$$00000009)
    .ARM.Collect$$_printf_percent$$0000000A  0x08000242   Section        6  _printf_u.o(.ARM.Collect$$_printf_percent$$0000000A)
    .ARM.Collect$$_printf_percent$$0000000C  0x08000248   Section        6  _printf_x.o(.ARM.Collect$$_printf_percent$$0000000C)
    .ARM.Collect$$_printf_percent$$00000013  0x0800024e   Section        6  _printf_c.o(.ARM.Collect$$_printf_percent$$00000013)
    .ARM.Collect$$_printf_percent$$00000014  0x08000254   Section        6  _printf_s.o(.ARM.Collect$$_printf_percent$$00000014)
    .ARM.Collect$$_printf_percent$$00000017  0x0800025a   Section        4  _printf_percent_end.o(.ARM.Collect$$_printf_percent$$00000017)
    .ARM.Collect$$libinit$$00000000          0x0800025e   Section        2  libinit.o(.ARM.Collect$$libinit$$00000000)
    .ARM.Collect$$libinit$$00000001          0x08000260   Section        4  libinit2.o(.ARM.Collect$$libinit$$00000001)
    .ARM.Collect$$libinit$$00000004          0x08000264   Section        0  libinit2.o(.ARM.Collect$$libinit$$00000004)
    .ARM.Collect$$libinit$$0000000A          0x08000264   Section        0  libinit2.o(.ARM.Collect$$libinit$$0000000A)
    .ARM.Collect$$libinit$$0000000C          0x08000264   Section        0  libinit2.o(.ARM.Collect$$libinit$$0000000C)
    .ARM.Collect$$libinit$$0000000E          0x08000264   Section        0  libinit2.o(.ARM.Collect$$libinit$$0000000E)
    .ARM.Collect$$libinit$$00000011          0x08000264   Section        0  libinit2.o(.ARM.Collect$$libinit$$00000011)
    .ARM.Collect$$libinit$$00000013          0x08000264   Section        0  libinit2.o(.ARM.Collect$$libinit$$00000013)
    .ARM.Collect$$libinit$$00000015          0x08000264   Section        0  libinit2.o(.ARM.Collect$$libinit$$00000015)
    .ARM.Collect$$libinit$$00000017          0x08000264   Section        0  libinit2.o(.ARM.Collect$$libinit$$00000017)
    .ARM.Collect$$libinit$$00000019          0x08000264   Section        0  libinit2.o(.ARM.Collect$$libinit$$00000019)
    .ARM.Collect$$libinit$$0000001B          0x08000264   Section        0  libinit2.o(.ARM.Collect$$libinit$$0000001B)
    .ARM.Collect$$libinit$$0000001D          0x08000264   Section        0  libinit2.o(.ARM.Collect$$libinit$$0000001D)
    .ARM.Collect$$libinit$$0000001F          0x08000264   Section        0  libinit2.o(.ARM.Collect$$libinit$$0000001F)
    .ARM.Collect$$libinit$$00000021          0x08000264   Section        0  libinit2.o(.ARM.Collect$$libinit$$00000021)
    .ARM.Collect$$libinit$$00000023          0x08000264   Section        0  libinit2.o(.ARM.Collect$$libinit$$00000023)
    .ARM.Collect$$libinit$$00000025          0x08000264   Section        0  libinit2.o(.ARM.Collect$$libinit$$00000025)
    .ARM.Collect$$libinit$$0000002C          0x08000264   Section        0  libinit2.o(.ARM.Collect$$libinit$$0000002C)
    .ARM.Collect$$libinit$$0000002E          0x08000264   Section        0  libinit2.o(.ARM.Collect$$libinit$$0000002E)
    .ARM.Collect$$libinit$$00000030          0x08000264   Section        0  libinit2.o(.ARM.Collect$$libinit$$00000030)
    .ARM.Collect$$libinit$$00000032          0x08000264   Section        0  libinit2.o(.ARM.Collect$$libinit$$00000032)
    .ARM.Collect$$libinit$$00000033          0x08000264   Section        2  libinit2.o(.ARM.Collect$$libinit$$00000033)
    .ARM.Collect$$libshutdown$$00000000      0x08000266   Section        2  libshutdown.o(.ARM.Collect$$libshutdown$$00000000)
    .ARM.Collect$$libshutdown$$00000003      0x08000268   Section        0  libshutdown2.o(.ARM.Collect$$libshutdown$$00000003)
    .ARM.Collect$$libshutdown$$00000006      0x08000268   Section        0  libshutdown2.o(.ARM.Collect$$libshutdown$$00000006)
    .ARM.Collect$$libshutdown$$00000009      0x08000268   Section        0  libshutdown2.o(.ARM.Collect$$libshutdown$$00000009)
    .ARM.Collect$$libshutdown$$0000000B      0x08000268   Section        0  libshutdown2.o(.ARM.Collect$$libshutdown$$0000000B)
    .ARM.Collect$$libshutdown$$0000000E      0x08000268   Section        0  libshutdown2.o(.ARM.Collect$$libshutdown$$0000000E)
    .ARM.Collect$$libshutdown$$0000000F      0x08000268   Section        2  libshutdown2.o(.ARM.Collect$$libshutdown$$0000000F)
    .ARM.Collect$$rtentry$$00000000          0x0800026a   Section        0  __rtentry.o(.ARM.Collect$$rtentry$$00000000)
    .ARM.Collect$$rtentry$$00000002          0x0800026a   Section        0  __rtentry2.o(.ARM.Collect$$rtentry$$00000002)
    .ARM.Collect$$rtentry$$00000004          0x0800026a   Section        6  __rtentry4.o(.ARM.Collect$$rtentry$$00000004)
    .ARM.Collect$$rtentry$$00000009          0x08000270   Section        0  __rtentry2.o(.ARM.Collect$$rtentry$$00000009)
    .ARM.Collect$$rtentry$$0000000A          0x08000270   Section        4  __rtentry2.o(.ARM.Collect$$rtentry$$0000000A)
    .ARM.Collect$$rtentry$$0000000C          0x08000274   Section        0  __rtentry2.o(.ARM.Collect$$rtentry$$0000000C)
    .ARM.Collect$$rtentry$$0000000D          0x08000274   Section        8  __rtentry2.o(.ARM.Collect$$rtentry$$0000000D)
    .ARM.Collect$$rtexit$$00000000           0x0800027c   Section        2  rtexit.o(.ARM.Collect$$rtexit$$00000000)
    .ARM.Collect$$rtexit$$00000002           0x0800027e   Section        0  rtexit2.o(.ARM.Collect$$rtexit$$00000002)
    .ARM.Collect$$rtexit$$00000003           0x0800027e   Section        4  rtexit2.o(.ARM.Collect$$rtexit$$00000003)
    .ARM.Collect$$rtexit$$00000004           0x08000282   Section        6  rtexit2.o(.ARM.Collect$$rtexit$$00000004)
    .text                                    0x08000288   Section       68  startup_stm32f40_41xxx.o(.text)
    $v0                                      0x08000288   Number         0  startup_stm32f40_41xxx.o(.text)
    .text                                    0x080002cc   Section        2  use_no_semi_2.o(.text)
    .text                                    0x080002d0   Section        0  noretval__2printf.o(.text)
    .text                                    0x080002e8   Section        0  _printf_pad.o(.text)
    .text                                    0x08000336   Section        0  _printf_str.o(.text)
    .text                                    0x08000388   Section        0  _printf_dec.o(.text)
    .text                                    0x08000400   Section        0  _printf_hex_int.o(.text)
    .text                                    0x08000458   Section        0  __printf_flags_ss_wp.o(.text)
    .text                                    0x080005e0   Section        0  heapauxi.o(.text)
    .text                                    0x080005e6   Section        2  use_no_semi.o(.text)
    .text                                    0x080005e8   Section        0  _printf_intcommon.o(.text)
    .text                                    0x0800069a   Section        0  _printf_char.o(.text)
    .text                                    0x080006c8   Section        0  _printf_char_file.o(.text)
    .text                                    0x080006ec   Section        0  _printf_char_common.o(.text)
    _printf_input_char                       0x080006ed   Thumb Code    10  _printf_char_common.o(.text)
    .text                                    0x0800071c   Section        0  ferror.o(.text)
    .text                                    0x08000724   Section       74  sys_stackheap_outer.o(.text)
    .text                                    0x0800076e   Section        0  exit.o(.text)
    .text                                    0x0800077c   Section        8  libspace.o(.text)
    i.ENGINE1_cor                            0x08000784   Section        0  engines.o(i.ENGINE1_cor)
    i.ENGINE1_res                            0x0800079c   Section        0  engines.o(i.ENGINE1_res)
    i.ENGINE2_cor                            0x080007b4   Section        0  engines.o(i.ENGINE2_cor)
    i.ENGINE2_res                            0x080007cc   Section        0  engines.o(i.ENGINE2_res)
    i.ENGINE3_cor                            0x080007e4   Section        0  engines.o(i.ENGINE3_cor)
    i.ENGINE3_res                            0x080007fc   Section        0  engines.o(i.ENGINE3_res)
    i.ENGINE4_cor                            0x08000814   Section        0  engines.o(i.ENGINE4_cor)
    i.ENGINE4_res                            0x0800082c   Section        0  engines.o(i.ENGINE4_res)
    i.ENGINES_Init                           0x08000844   Section        0  engines.o(i.ENGINES_Init)
    i.ENGINES_stop                           0x080008ec   Section        0  engines.o(i.ENGINES_stop)
    i.GPIO_AF_Set                            0x08000928   Section        0  sys.o(i.GPIO_AF_Set)
    i.GPIO_Set                               0x08000968   Section        0  sys.o(i.GPIO_Set)
    i.GPS_Init                               0x08000a46   Section        0  gps.o(i.GPS_Init)
    i.GPS_Test                               0x08000a50   Section        0  gps.o(i.GPS_Test)
    i.IR_Behind                              0x08000b10   Section        0  gps.o(i.IR_Behind)
    i.IR_Front                               0x08000b44   Section        0  gps.o(i.IR_Front)
    i.IR_Left                                0x08000b78   Section        0  gps.o(i.IR_Left)
    i.IR_Right                               0x08000bac   Section        0  gps.o(i.IR_Right)
    i.IR_gpsInit                             0x08000be0   Section        0  gps.o(i.IR_gpsInit)
    i.KEY_Init                               0x08000cc4   Section        0  key.o(i.KEY_Init)
    i.KEY_Scan                               0x08000db4   Section        0  key.o(i.KEY_Scan)
    i.LED_Init                               0x080016a4   Section        0  led.o(i.LED_Init)
    i.MY_NVIC_Init                           0x08001730   Section        0  sys.o(i.MY_NVIC_Init)
    i.MY_NVIC_PriorityGroupConfig            0x080017a8   Section        0  sys.o(i.MY_NVIC_PriorityGroupConfig)
    i.MY_NVIC_SetVectorTable                 0x080017d0   Section        0  sys.o(i.MY_NVIC_SetVectorTable)
    i.PWM10111314_Init                       0x080017e0   Section        0  pwm10111314.o(i.PWM10111314_Init)
    i.PWM10_Init                             0x08001830   Section        0  pwm10111314.o(i.PWM10_Init)
    i.PWM11_Init                             0x080018d0   Section        0  pwm10111314.o(i.PWM11_Init)
    i.PWM12_1_2_Init                         0x08001970   Section        0  pwm912.o(i.PWM12_1_2_Init)
    i.PWM13_Init                             0x08001a4c   Section        0  pwm10111314.o(i.PWM13_Init)
    i.PWM14_Init                             0x08001aec   Section        0  pwm10111314.o(i.PWM14_Init)
    i.PWM9_1_2_Init                          0x08001b78   Section        0  pwm912.o(i.PWM9_1_2_Init)
    i.SERVO_Init                             0x08001c34   Section        0  pwm912.o(i.SERVO_Init)
    i.ServoB_Set                             0x08001c64   Section        0  pwm912.o(i.ServoB_Set)
    i.ServoF_Set                             0x08001c74   Section        0  pwm912.o(i.ServoF_Set)
    i.ServoL_Set                             0x08001c84   Section        0  pwm912.o(i.ServoL_Set)
    i.ServoR_Set                             0x08001c94   Section        0  pwm912.o(i.ServoR_Set)
    i.Stm32_Clock_Init                       0x08001ca4   Section        0  sys.o(i.Stm32_Clock_Init)
    i.Sys_Clock_Set                          0x08001d0c   Section        0  sys.o(i.Sys_Clock_Set)
    i.TIM4_IRQHandler                        0x08001e18   Section        0  usmart.o(i.TIM4_IRQHandler)
    i.Timer4_Init                            0x08001e54   Section        0  usmart.o(i.Timer4_Init)
    i.USART1_IRQHandler                      0x08001ea4   Section        0  usart.o(i.USART1_IRQHandler)
    i._is_digit                              0x08001f24   Section        0  __printf_wp.o(i._is_digit)
    i._sys_exit                              0x08001f32   Section        0  usart.o(i._sys_exit)
    i.anti_clock                             0x08001f38   Section        0  engines.o(i.anti_clock)
    i.clock_wise                             0x08001f4c   Section        0  engines.o(i.clock_wise)
    i.delay_init                             0x08001f60   Section        0  delay.o(i.delay_init)
    i.delay_ms                               0x08001fa0   Section        0  delay.o(i.delay_ms)
    i.delay_us                               0x08001fd8   Section        0  delay.o(i.delay_us)
    i.delay_xms                              0x08002014   Section        0  delay.o(i.delay_xms)
    i.fputc                                  0x08002050   Section        0  usart.o(i.fputc)
    i.go_delta_b                             0x0800206c   Section        0  engines.o(i.go_delta_b)
    i.go_delta_b_error                       0x080020ee   Section        0  engines.o(i.go_delta_b_error)
    i.go_delta_f                             0x08002170   Section        0  engines.o(i.go_delta_f)
    i.go_delta_f_error                       0x080021f6   Section        0  engines.o(i.go_delta_f_error)
    i.go_delta_f_error2                      0x0800227c   Section        0  engines.o(i.go_delta_f_error2)
    i.go_delta_l                             0x080022ea   Section        0  engines.o(i.go_delta_l)
    i.go_delta_l_error                       0x08002370   Section        0  engines.o(i.go_delta_l_error)
    i.go_delta_l_error2                      0x080023f6   Section        0  engines.o(i.go_delta_l_error2)
    i.go_delta_r                             0x08002464   Section        0  engines.o(i.go_delta_r)
    i.go_delta_r_error                       0x080024e6   Section        0  engines.o(i.go_delta_r_error)
    i.go_delta_r_error2                      0x08002568   Section        0  engines.o(i.go_delta_r_error2)
    i.go_enemy_72                            0x080025d2   Section        0  test.o(i.go_enemy_72)
    i.go_enemy_73                            0x080025f8   Section        0  test.o(i.go_enemy_73)
    i.go_enemy_74                            0x08002706   Section        0  test.o(i.go_enemy_74)
    i.go_one                                 0x08002744   Section        0  test.o(i.go_one)
    i.go_out                                 0x0800277e   Section        0  test.o(i.go_out)
    i.gob                                    0x080028f2   Section        0  engines.o(i.gob)
    i.gob_error                              0x08002a24   Section        0  engines.o(i.gob_error)
    i.gof                                    0x08002b56   Section        0  engines.o(i.gof)
    i.gof_error                              0x08002c88   Section        0  engines.o(i.gof_error)
    i.gof_error2                             0x08002dba   Section        0  engines.o(i.gof_error2)
    i.gol                                    0x08002eec   Section        0  engines.o(i.gol)
    i.gol_error                              0x0800301e   Section        0  engines.o(i.gol_error)
    i.gol_error2                             0x08003150   Section        0  engines.o(i.gol_error2)
    i.gor                                    0x08003282   Section        0  engines.o(i.gor)
    i.gor_error                              0x080033b4   Section        0  engines.o(i.gor_error)
    i.gor_error2                             0x080034e6   Section        0  engines.o(i.gor_error2)
    i.head_behind                            0x08003618   Section        0  engines.o(i.head_behind)
    i.head_behind_left                       0x0800362c   Section        0  engines.o(i.head_behind_left)
    i.head_behind_right                      0x08003670   Section        0  engines.o(i.head_behind_right)
    i.head_front                             0x080036b4   Section        0  engines.o(i.head_front)
    i.head_front_left                        0x080036c8   Section        0  engines.o(i.head_front_left)
    i.head_front_right                       0x0800370c   Section        0  engines.o(i.head_front_right)
    i.head_left                              0x08003750   Section        0  engines.o(i.head_left)
    i.head_right                             0x08003764   Section        0  engines.o(i.head_right)
    i.main                                   0x08003778   Section        0  test.o(i.main)
    i.read_addr                              0x080037fc   Section        0  usmart.o(i.read_addr)
    i.running                                0x08003804   Section        0  test.o(i.running)
    i.uart_init                              0x08003f58   Section        0  usart.o(i.uart_init)
    i.usmart_cmd_rec                         0x08004058   Section        0  usmart.o(i.usmart_cmd_rec)
    i.usmart_exe                             0x08004108   Section        0  usmart.o(i.usmart_exe)
    i.usmart_get_aparm                       0x080043dc   Section        0  usmart_str.o(i.usmart_get_aparm)
    i.usmart_get_cmdname                     0x080044b0   Section        0  usmart_str.o(i.usmart_get_cmdname)
    i.usmart_get_fname                       0x080044e8   Section        0  usmart_str.o(i.usmart_get_fname)
    i.usmart_get_fparam                      0x080046a8   Section        0  usmart_str.o(i.usmart_get_fparam)
    i.usmart_get_parmpos                     0x080047b4   Section        0  usmart_str.o(i.usmart_get_parmpos)
    i.usmart_get_runtime                     0x080047d4   Section        0  usmart.o(i.usmart_get_runtime)
    i.usmart_init                            0x08004814   Section        0  usmart.o(i.usmart_init)
    i.usmart_pow                             0x0800483c   Section        0  usmart_str.o(i.usmart_pow)
    i.usmart_reset_runtime                   0x08004854   Section        0  usmart.o(i.usmart_reset_runtime)
    i.usmart_scan                            0x08004884   Section        0  usmart.o(i.usmart_scan)
    i.usmart_search_nextc                    0x08004940   Section        0  usmart_str.o(i.usmart_search_nextc)
    i.usmart_str2num                         0x08004956   Section        0  usmart_str.o(i.usmart_str2num)
    i.usmart_strcmp                          0x08004a5c   Section        0  usmart_str.o(i.usmart_strcmp)
    i.usmart_strcopy                         0x08004a7e   Section        0  usmart_str.o(i.usmart_strcopy)
    i.usmart_strlen                          0x08004a94   Section        0  usmart_str.o(i.usmart_strlen)
    i.usmart_sys_cmd_exe                     0x08004aac   Section        0  usmart.o(i.usmart_sys_cmd_exe)
    i.write_addr                             0x080051a0   Section        0  usmart.o(i.write_addr)
    x$fpl$fpinit                             0x080051a4   Section       10  fpinit.o(x$fpl$fpinit)
    $v0                                      0x080051a4   Number         0  fpinit.o(x$fpl$fpinit)
    .constdata                               0x080051ae   Section       40  _printf_hex_int.o(.constdata)
    uc_hextab                                0x080051ae   Data          20  _printf_hex_int.o(.constdata)
    lc_hextab                                0x080051c2   Data          20  _printf_hex_int.o(.constdata)
    .constdata                               0x080051d6   Section       17  __printf_flags_ss_wp.o(.constdata)
    maptable                                 0x080051d6   Data          17  __printf_flags_ss_wp.o(.constdata)
    .conststring                             0x080051e8   Section       40  usmart.o(.conststring)
    .conststring                             0x08005210   Section      287  usmart_config.o(.conststring)
    .data                                    0x20000000   Section        4  delay.o(.data)
    fac_us                                   0x20000000   Data           1  delay.o(.data)
    fac_ms                                   0x20000002   Data           2  delay.o(.data)
    .data                                    0x20000004   Section        6  usart.o(.data)
    .data                                    0x2000000c   Section       28  usmart.o(.data)
    .data                                    0x20000028   Section      348  usmart_config.o(.data)
    .bss                                     0x20000184   Section      200  usart.o(.bss)
    .bss                                     0x2000024c   Section       96  libspace.o(.bss)
    HEAP                                     0x200002b0   Section        0  startup_stm32f40_41xxx.o(HEAP)
    STACK                                    0x200002b0   Section     1024  startup_stm32f40_41xxx.o(STACK)
    Heap_Mem                                 0x200002b0   Data           0  startup_stm32f40_41xxx.o(HEAP)
    Stack_Mem                                0x200002b0   Data        1024  startup_stm32f40_41xxx.o(STACK)
    __initial_sp                             0x200006b0   Data           0  startup_stm32f40_41xxx.o(STACK)

    Global Symbols

    Symbol Name                              Value     Ov Type        Size  Object(Section)

    BuildAttributes$$THM_ISAv4$E$P$D$K$B$S$7EM$VFPi3$EXTD16$VFPS$VFMA$PE$A:L22UL41UL21$X:L11$S22US41US21$IEEE1$IW$USESV6$~STKCKD$USESV7$~SHL$OSPACE$ROPI$EBA8$UX$STANDARDLIB$REQ8$PRES8$EABIv2 0x00000000   Number         0  anon$$obj.o ABSOLUTE
    __ARM_use_no_argv                        0x00000000   Number         0  test.o ABSOLUTE
    _printf_flags                            0x00000000   Number         0  printf_stubs.o ABSOLUTE
    _printf_return_value                     0x00000000   Number         0  printf_stubs.o ABSOLUTE
    _printf_sizespec                         0x00000000   Number         0  printf_stubs.o ABSOLUTE
    _printf_widthprec                        0x00000000   Number         0  printf_stubs.o ABSOLUTE
    __ARM_exceptions_init                     - Undefined Weak Reference
    __alloca_initialize                       - Undefined Weak Reference
    __arm_preinit_                            - Undefined Weak Reference
    __cpp_initialize__aeabi_                  - Undefined Weak Reference
    __cxa_finalize                            - Undefined Weak Reference
    __rt_locale                               - Undefined Weak Reference
    __sigvec_lookup                           - Undefined Weak Reference
    _atexit_init                              - Undefined Weak Reference
    _call_atexit_fns                          - Undefined Weak Reference
    _clock_init                               - Undefined Weak Reference
    _fp_trap_init                             - Undefined Weak Reference
    _fp_trap_shutdown                         - Undefined Weak Reference
    _get_lc_collate                           - Undefined Weak Reference
    _get_lc_ctype                             - Undefined Weak Reference
    _get_lc_monetary                          - Undefined Weak Reference
    _get_lc_numeric                           - Undefined Weak Reference
    _get_lc_time                              - Undefined Weak Reference
    _getenv_init                              - Undefined Weak Reference
    _handle_redirection                       - Undefined Weak Reference
    _init_alloc                               - Undefined Weak Reference
    _init_user_alloc                          - Undefined Weak Reference
    _initio                                   - Undefined Weak Reference
    _mutex_acquire                            - Undefined Weak Reference
    _mutex_release                            - Undefined Weak Reference
    _printf_mbtowc                            - Undefined Weak Reference
    _printf_truncate_signed                   - Undefined Weak Reference
    _printf_truncate_unsigned                 - Undefined Weak Reference
    _rand_init                                - Undefined Weak Reference
    _signal_finish                            - Undefined Weak Reference
    _signal_init                              - Undefined Weak Reference
    _terminate_alloc                          - Undefined Weak Reference
    _terminate_user_alloc                     - Undefined Weak Reference
    _terminateio                              - Undefined Weak Reference
    __Vectors_Size                           0x00000188   Number         0  startup_stm32f40_41xxx.o ABSOLUTE
    __Vectors                                0x08000000   Data           4  startup_stm32f40_41xxx.o(RESET)
    __Vectors_End                            0x08000188   Data           0  startup_stm32f40_41xxx.o(RESET)
    __main                                   0x08000189   Thumb Code     8  __main.o(!!!main)
    __scatterload                            0x08000191   Thumb Code     0  __scatter.o(!!!scatter)
    __scatterload_rt2                        0x08000191   Thumb Code    44  __scatter.o(!!!scatter)
    __scatterload_rt2_thumb_only             0x08000191   Thumb Code     0  __scatter.o(!!!scatter)
    __scatterload_null                       0x0800019f   Thumb Code     0  __scatter.o(!!!scatter)
    __decompress                             0x080001c5   Thumb Code    90  __dczerorl2.o(!!dczerorl2)
    __decompress1                            0x080001c5   Thumb Code     0  __dczerorl2.o(!!dczerorl2)
    __scatterload_zeroinit                   0x08000221   Thumb Code    28  __scatter_zi.o(!!handler_zi)
    _printf_d                                0x0800023d   Thumb Code     0  _printf_d.o(.ARM.Collect$$_printf_percent$$00000009)
    _printf_percent                          0x0800023d   Thumb Code     0  _printf_percent.o(.ARM.Collect$$_printf_percent$$00000000)
    _printf_u                                0x08000243   Thumb Code     0  _printf_u.o(.ARM.Collect$$_printf_percent$$0000000A)
    _printf_x                                0x08000249   Thumb Code     0  _printf_x.o(.ARM.Collect$$_printf_percent$$0000000C)
    _printf_c                                0x0800024f   Thumb Code     0  _printf_c.o(.ARM.Collect$$_printf_percent$$00000013)
    _printf_s                                0x08000255   Thumb Code     0  _printf_s.o(.ARM.Collect$$_printf_percent$$00000014)
    _printf_percent_end                      0x0800025b   Thumb Code     0  _printf_percent_end.o(.ARM.Collect$$_printf_percent$$00000017)
    __rt_lib_init                            0x0800025f   Thumb Code     0  libinit.o(.ARM.Collect$$libinit$$00000000)
    __rt_lib_init_fp_1                       0x08000261   Thumb Code     0  libinit2.o(.ARM.Collect$$libinit$$00000001)
    __rt_lib_init_alloca_1                   0x08000265   Thumb Code     0  libinit2.o(.ARM.Collect$$libinit$$0000002E)
    __rt_lib_init_argv_1                     0x08000265   Thumb Code     0  libinit2.o(.ARM.Collect$$libinit$$0000002C)
    __rt_lib_init_atexit_1                   0x08000265   Thumb Code     0  libinit2.o(.ARM.Collect$$libinit$$0000001B)
    __rt_lib_init_clock_1                    0x08000265   Thumb Code     0  libinit2.o(.ARM.Collect$$libinit$$00000021)
    __rt_lib_init_cpp_1                      0x08000265   Thumb Code     0  libinit2.o(.ARM.Collect$$libinit$$00000032)
    __rt_lib_init_exceptions_1               0x08000265   Thumb Code     0  libinit2.o(.ARM.Collect$$libinit$$00000030)
    __rt_lib_init_fp_trap_1                  0x08000265   Thumb Code     0  libinit2.o(.ARM.Collect$$libinit$$0000001F)
    __rt_lib_init_getenv_1                   0x08000265   Thumb Code     0  libinit2.o(.ARM.Collect$$libinit$$00000023)
    __rt_lib_init_heap_1                     0x08000265   Thumb Code     0  libinit2.o(.ARM.Collect$$libinit$$0000000A)
    __rt_lib_init_lc_collate_1               0x08000265   Thumb Code     0  libinit2.o(.ARM.Collect$$libinit$$00000011)
    __rt_lib_init_lc_ctype_1                 0x08000265   Thumb Code     0  libinit2.o(.ARM.Collect$$libinit$$00000013)
    __rt_lib_init_lc_monetary_1              0x08000265   Thumb Code     0  libinit2.o(.ARM.Collect$$libinit$$00000015)
    __rt_lib_init_lc_numeric_1               0x08000265   Thumb Code     0  libinit2.o(.ARM.Collect$$libinit$$00000017)
    __rt_lib_init_lc_time_1                  0x08000265   Thumb Code     0  libinit2.o(.ARM.Collect$$libinit$$00000019)
    __rt_lib_init_preinit_1                  0x08000265   Thumb Code     0  libinit2.o(.ARM.Collect$$libinit$$00000004)
    __rt_lib_init_rand_1                     0x08000265   Thumb Code     0  libinit2.o(.ARM.Collect$$libinit$$0000000E)
    __rt_lib_init_return                     0x08000265   Thumb Code     0  libinit2.o(.ARM.Collect$$libinit$$00000033)
    __rt_lib_init_signal_1                   0x08000265   Thumb Code     0  libinit2.o(.ARM.Collect$$libinit$$0000001D)
    __rt_lib_init_stdio_1                    0x08000265   Thumb Code     0  libinit2.o(.ARM.Collect$$libinit$$00000025)
    __rt_lib_init_user_alloc_1               0x08000265   Thumb Code     0  libinit2.o(.ARM.Collect$$libinit$$0000000C)
    __rt_lib_shutdown                        0x08000267   Thumb Code     0  libshutdown.o(.ARM.Collect$$libshutdown$$00000000)
    __rt_lib_shutdown_fp_trap_1              0x08000269   Thumb Code     0  libshutdown2.o(.ARM.Collect$$libshutdown$$00000006)
    __rt_lib_shutdown_heap_1                 0x08000269   Thumb Code     0  libshutdown2.o(.ARM.Collect$$libshutdown$$0000000E)
    __rt_lib_shutdown_return                 0x08000269   Thumb Code     0  libshutdown2.o(.ARM.Collect$$libshutdown$$0000000F)
    __rt_lib_shutdown_signal_1               0x08000269   Thumb Code     0  libshutdown2.o(.ARM.Collect$$libshutdown$$00000009)
    __rt_lib_shutdown_stdio_1                0x08000269   Thumb Code     0  libshutdown2.o(.ARM.Collect$$libshutdown$$00000003)
    __rt_lib_shutdown_user_alloc_1           0x08000269   Thumb Code     0  libshutdown2.o(.ARM.Collect$$libshutdown$$0000000B)
    __rt_entry                               0x0800026b   Thumb Code     0  __rtentry.o(.ARM.Collect$$rtentry$$00000000)
    __rt_entry_presh_1                       0x0800026b   Thumb Code     0  __rtentry2.o(.ARM.Collect$$rtentry$$00000002)
    __rt_entry_sh                            0x0800026b   Thumb Code     0  __rtentry4.o(.ARM.Collect$$rtentry$$00000004)
    __rt_entry_li                            0x08000271   Thumb Code     0  __rtentry2.o(.ARM.Collect$$rtentry$$0000000A)
    __rt_entry_postsh_1                      0x08000271   Thumb Code     0  __rtentry2.o(.ARM.Collect$$rtentry$$00000009)
    __rt_entry_main                          0x08000275   Thumb Code     0  __rtentry2.o(.ARM.Collect$$rtentry$$0000000D)
    __rt_entry_postli_1                      0x08000275   Thumb Code     0  __rtentry2.o(.ARM.Collect$$rtentry$$0000000C)
    __rt_exit                                0x0800027d   Thumb Code     0  rtexit.o(.ARM.Collect$$rtexit$$00000000)
    __rt_exit_ls                             0x0800027f   Thumb Code     0  rtexit2.o(.ARM.Collect$$rtexit$$00000003)
    __rt_exit_prels_1                        0x0800027f   Thumb Code     0  rtexit2.o(.ARM.Collect$$rtexit$$00000002)
    __rt_exit_exit                           0x08000283   Thumb Code     0  rtexit2.o(.ARM.Collect$$rtexit$$00000004)
    Reset_Handler                            0x08000289   Thumb Code    14  startup_stm32f40_41xxx.o(.text)
    NMI_Handler                              0x08000297   Thumb Code     2  startup_stm32f40_41xxx.o(.text)
    HardFault_Handler                        0x08000299   Thumb Code     2  startup_stm32f40_41xxx.o(.text)
    MemManage_Handler                        0x0800029b   Thumb Code     2  startup_stm32f40_41xxx.o(.text)
    BusFault_Handler                         0x0800029d   Thumb Code     2  startup_stm32f40_41xxx.o(.text)
    UsageFault_Handler                       0x0800029f   Thumb Code     2  startup_stm32f40_41xxx.o(.text)
    SVC_Handler                              0x080002a1   Thumb Code     2  startup_stm32f40_41xxx.o(.text)
    DebugMon_Handler                         0x080002a3   Thumb Code     2  startup_stm32f40_41xxx.o(.text)
    PendSV_Handler                           0x080002a5   Thumb Code     2  startup_stm32f40_41xxx.o(.text)
    SysTick_Handler                          0x080002a7   Thumb Code     2  startup_stm32f40_41xxx.o(.text)
    ADC_IRQHandler                           0x080002a9   Thumb Code     0  startup_stm32f40_41xxx.o(.text)
    CAN1_RX0_IRQHandler                      0x080002a9   Thumb Code     0  startup_stm32f40_41xxx.o(.text)
    CAN1_RX1_IRQHandler                      0x080002a9   Thumb Code     0  startup_stm32f40_41xxx.o(.text)
    CAN1_SCE_IRQHandler                      0x080002a9   Thumb Code     0  startup_stm32f40_41xxx.o(.text)
    CAN1_TX_IRQHandler                       0x080002a9   Thumb Code     0  startup_stm32f40_41xxx.o(.text)
    CAN2_RX0_IRQHandler                      0x080002a9   Thumb Code     0  startup_stm32f40_41xxx.o(.text)
    CAN2_RX1_IRQHandler                      0x080002a9   Thumb Code     0  startup_stm32f40_41xxx.o(.text)
    CAN2_SCE_IRQHandler                      0x080002a9   Thumb Code     0  startup_stm32f40_41xxx.o(.text)
    CAN2_TX_IRQHandler                       0x080002a9   Thumb Code     0  startup_stm32f40_41xxx.o(.text)
    CRYP_IRQHandler                          0x080002a9   Thumb Code     0  startup_stm32f40_41xxx.o(.text)
    DCMI_IRQHandler                          0x080002a9   Thumb Code     0  startup_stm32f40_41xxx.o(.text)
    DMA1_Stream0_IRQHandler                  0x080002a9   Thumb Code     0  startup_stm32f40_41xxx.o(.text)
    DMA1_Stream1_IRQHandler                  0x080002a9   Thumb Code     0  startup_stm32f40_41xxx.o(.text)
    DMA1_Stream2_IRQHandler                  0x080002a9   Thumb Code     0  startup_stm32f40_41xxx.o(.text)
    DMA1_Stream3_IRQHandler                  0x080002a9   Thumb Code     0  startup_stm32f40_41xxx.o(.text)
    DMA1_Stream4_IRQHandler                  0x080002a9   Thumb Code     0  startup_stm32f40_41xxx.o(.text)
    DMA1_Stream5_IRQHandler                  0x080002a9   Thumb Code     0  startup_stm32f40_41xxx.o(.text)
    DMA1_Stream6_IRQHandler                  0x080002a9   Thumb Code     0  startup_stm32f40_41xxx.o(.text)
    DMA1_Stream7_IRQHandler                  0x080002a9   Thumb Code     0  startup_stm32f40_41xxx.o(.text)
    DMA2_Stream0_IRQHandler                  0x080002a9   Thumb Code     0  startup_stm32f40_41xxx.o(.text)
    DMA2_Stream1_IRQHandler                  0x080002a9   Thumb Code     0  startup_stm32f40_41xxx.o(.text)
    DMA2_Stream2_IRQHandler                  0x080002a9   Thumb Code     0  startup_stm32f40_41xxx.o(.text)
    DMA2_Stream3_IRQHandler                  0x080002a9   Thumb Code     0  startup_stm32f40_41xxx.o(.text)
    DMA2_Stream4_IRQHandler                  0x080002a9   Thumb Code     0  startup_stm32f40_41xxx.o(.text)
    DMA2_Stream5_IRQHandler                  0x080002a9   Thumb Code     0  startup_stm32f40_41xxx.o(.text)
    DMA2_Stream6_IRQHandler                  0x080002a9   Thumb Code     0  startup_stm32f40_41xxx.o(.text)
    DMA2_Stream7_IRQHandler                  0x080002a9   Thumb Code     0  startup_stm32f40_41xxx.o(.text)
    ETH_IRQHandler                           0x080002a9   Thumb Code     0  startup_stm32f40_41xxx.o(.text)
    ETH_WKUP_IRQHandler                      0x080002a9   Thumb Code     0  startup_stm32f40_41xxx.o(.text)
    EXTI0_IRQHandler                         0x080002a9   Thumb Code     0  startup_stm32f40_41xxx.o(.text)
    EXTI15_10_IRQHandler                     0x080002a9   Thumb Code     0  startup_stm32f40_41xxx.o(.text)
    EXTI1_IRQHandler                         0x080002a9   Thumb Code     0  startup_stm32f40_41xxx.o(.text)
    EXTI2_IRQHandler                         0x080002a9   Thumb Code     0  startup_stm32f40_41xxx.o(.text)
    EXTI3_IRQHandler                         0x080002a9   Thumb Code     0  startup_stm32f40_41xxx.o(.text)
    EXTI4_IRQHandler                         0x080002a9   Thumb Code     0  startup_stm32f40_41xxx.o(.text)
    EXTI9_5_IRQHandler                       0x080002a9   Thumb Code     0  startup_stm32f40_41xxx.o(.text)
    FLASH_IRQHandler                         0x080002a9   Thumb Code     0  startup_stm32f40_41xxx.o(.text)
    FPU_IRQHandler                           0x080002a9   Thumb Code     0  startup_stm32f40_41xxx.o(.text)
    FSMC_IRQHandler                          0x080002a9   Thumb Code     0  startup_stm32f40_41xxx.o(.text)
    HASH_RNG_IRQHandler                      0x080002a9   Thumb Code     0  startup_stm32f40_41xxx.o(.text)
    I2C1_ER_IRQHandler                       0x080002a9   Thumb Code     0  startup_stm32f40_41xxx.o(.text)
    I2C1_EV_IRQHandler                       0x080002a9   Thumb Code     0  startup_stm32f40_41xxx.o(.text)
    I2C2_ER_IRQHandler                       0x080002a9   Thumb Code     0  startup_stm32f40_41xxx.o(.text)
    I2C2_EV_IRQHandler                       0x080002a9   Thumb Code     0  startup_stm32f40_41xxx.o(.text)
    I2C3_ER_IRQHandler                       0x080002a9   Thumb Code     0  startup_stm32f40_41xxx.o(.text)
    I2C3_EV_IRQHandler                       0x080002a9   Thumb Code     0  startup_stm32f40_41xxx.o(.text)
    OTG_FS_IRQHandler                        0x080002a9   Thumb Code     0  startup_stm32f40_41xxx.o(.text)
    OTG_FS_WKUP_IRQHandler                   0x080002a9   Thumb Code     0  startup_stm32f40_41xxx.o(.text)
    OTG_HS_EP1_IN_IRQHandler                 0x080002a9   Thumb Code     0  startup_stm32f40_41xxx.o(.text)
    OTG_HS_EP1_OUT_IRQHandler                0x080002a9   Thumb Code     0  startup_stm32f40_41xxx.o(.text)
    OTG_HS_IRQHandler                        0x080002a9   Thumb Code     0  startup_stm32f40_41xxx.o(.text)
    OTG_HS_WKUP_IRQHandler                   0x080002a9   Thumb Code     0  startup_stm32f40_41xxx.o(.text)
    PVD_IRQHandler                           0x080002a9   Thumb Code     0  startup_stm32f40_41xxx.o(.text)
    RCC_IRQHandler                           0x080002a9   Thumb Code     0  startup_stm32f40_41xxx.o(.text)
    RTC_Alarm_IRQHandler                     0x080002a9   Thumb Code     0  startup_stm32f40_41xxx.o(.text)
    RTC_WKUP_IRQHandler                      0x080002a9   Thumb Code     0  startup_stm32f40_41xxx.o(.text)
    SDIO_IRQHandler                          0x080002a9   Thumb Code     0  startup_stm32f40_41xxx.o(.text)
    SPI1_IRQHandler                          0x080002a9   Thumb Code     0  startup_stm32f40_41xxx.o(.text)
    SPI2_IRQHandler                          0x080002a9   Thumb Code     0  startup_stm32f40_41xxx.o(.text)
    SPI3_IRQHandler                          0x080002a9   Thumb Code     0  startup_stm32f40_41xxx.o(.text)
    TAMP_STAMP_IRQHandler                    0x080002a9   Thumb Code     0  startup_stm32f40_41xxx.o(.text)
    TIM1_BRK_TIM9_IRQHandler                 0x080002a9   Thumb Code     0  startup_stm32f40_41xxx.o(.text)
    TIM1_CC_IRQHandler                       0x080002a9   Thumb Code     0  startup_stm32f40_41xxx.o(.text)
    TIM1_TRG_COM_TIM11_IRQHandler            0x080002a9   Thumb Code     0  startup_stm32f40_41xxx.o(.text)
    TIM1_UP_TIM10_IRQHandler                 0x080002a9   Thumb Code     0  startup_stm32f40_41xxx.o(.text)
    TIM2_IRQHandler                          0x080002a9   Thumb Code     0  startup_stm32f40_41xxx.o(.text)
    TIM3_IRQHandler                          0x080002a9   Thumb Code     0  startup_stm32f40_41xxx.o(.text)
    TIM5_IRQHandler                          0x080002a9   Thumb Code     0  startup_stm32f40_41xxx.o(.text)
    TIM6_DAC_IRQHandler                      0x080002a9   Thumb Code     0  startup_stm32f40_41xxx.o(.text)
    TIM7_IRQHandler                          0x080002a9   Thumb Code     0  startup_stm32f40_41xxx.o(.text)
    TIM8_BRK_TIM12_IRQHandler                0x080002a9   Thumb Code     0  startup_stm32f40_41xxx.o(.text)
    TIM8_CC_IRQHandler                       0x080002a9   Thumb Code     0  startup_stm32f40_41xxx.o(.text)
    TIM8_TRG_COM_TIM14_IRQHandler            0x080002a9   Thumb Code     0  startup_stm32f40_41xxx.o(.text)
    TIM8_UP_TIM13_IRQHandler                 0x080002a9   Thumb Code     0  startup_stm32f40_41xxx.o(.text)
    UART4_IRQHandler                         0x080002a9   Thumb Code     0  startup_stm32f40_41xxx.o(.text)
    UART5_IRQHandler                         0x080002a9   Thumb Code     0  startup_stm32f40_41xxx.o(.text)
    USART2_IRQHandler                        0x080002a9   Thumb Code     0  startup_stm32f40_41xxx.o(.text)
    USART3_IRQHandler                        0x080002a9   Thumb Code     0  startup_stm32f40_41xxx.o(.text)
    USART6_IRQHandler                        0x080002a9   Thumb Code     0  startup_stm32f40_41xxx.o(.text)
    WWDG_IRQHandler                          0x080002a9   Thumb Code     0  startup_stm32f40_41xxx.o(.text)
    __user_initial_stackheap                 0x080002ad   Thumb Code     0  startup_stm32f40_41xxx.o(.text)
    __use_no_semihosting                     0x080002cd   Thumb Code     2  use_no_semi_2.o(.text)
    __2printf                                0x080002d1   Thumb Code    20  noretval__2printf.o(.text)
    _printf_pre_padding                      0x080002e9   Thumb Code    44  _printf_pad.o(.text)
    _printf_post_padding                     0x08000315   Thumb Code    34  _printf_pad.o(.text)
    _printf_str                              0x08000337   Thumb Code    82  _printf_str.o(.text)
    _printf_int_dec                          0x08000389   Thumb Code   104  _printf_dec.o(.text)
    _printf_int_hex                          0x08000401   Thumb Code    84  _printf_hex_int.o(.text)
    _printf_longlong_hex                     0x08000401   Thumb Code     0  _printf_hex_int.o(.text)
    __printf                                 0x08000459   Thumb Code   388  __printf_flags_ss_wp.o(.text)
    __use_two_region_memory                  0x080005e1   Thumb Code     2  heapauxi.o(.text)
    __rt_heap_escrow$2region                 0x080005e3   Thumb Code     2  heapauxi.o(.text)
    __rt_heap_expand$2region                 0x080005e5   Thumb Code     2  heapauxi.o(.text)
    __I$use$semihosting                      0x080005e7   Thumb Code     0  use_no_semi.o(.text)
    __use_no_semihosting_swi                 0x080005e7   Thumb Code     2  use_no_semi.o(.text)
    _printf_int_common                       0x080005e9   Thumb Code   178  _printf_intcommon.o(.text)
    _printf_cs_common                        0x0800069b   Thumb Code    20  _printf_char.o(.text)
    _printf_char                             0x080006af   Thumb Code    16  _printf_char.o(.text)
    _printf_string                           0x080006bf   Thumb Code     8  _printf_char.o(.text)
    _printf_char_file                        0x080006c9   Thumb Code    32  _printf_char_file.o(.text)
    _printf_char_common                      0x080006f7   Thumb Code    32  _printf_char_common.o(.text)
    ferror                                   0x0800071d   Thumb Code     8  ferror.o(.text)
    __user_setup_stackheap                   0x08000725   Thumb Code    74  sys_stackheap_outer.o(.text)
    exit                                     0x0800076f   Thumb Code    12  exit.o(.text)
    __user_libspace                          0x0800077d   Thumb Code     8  libspace.o(.text)
    __user_perproc_libspace                  0x0800077d   Thumb Code     0  libspace.o(.text)
    __user_perthread_libspace                0x0800077d   Thumb Code     0  libspace.o(.text)
    ENGINE1_cor                              0x08000785   Thumb Code    16  engines.o(i.ENGINE1_cor)
    ENGINE1_res                              0x0800079d   Thumb Code    16  engines.o(i.ENGINE1_res)
    ENGINE2_cor                              0x080007b5   Thumb Code    16  engines.o(i.ENGINE2_cor)
    ENGINE2_res                              0x080007cd   Thumb Code    16  engines.o(i.ENGINE2_res)
    ENGINE3_cor                              0x080007e5   Thumb Code    16  engines.o(i.ENGINE3_cor)
    ENGINE3_res                              0x080007fd   Thumb Code    16  engines.o(i.ENGINE3_res)
    ENGINE4_cor                              0x08000815   Thumb Code    16  engines.o(i.ENGINE4_cor)
    ENGINE4_res                              0x0800082d   Thumb Code    16  engines.o(i.ENGINE4_res)
    ENGINES_Init                             0x08000845   Thumb Code   154  engines.o(i.ENGINES_Init)
    ENGINES_stop                             0x080008ed   Thumb Code    44  engines.o(i.ENGINES_stop)
    GPIO_AF_Set                              0x08000929   Thumb Code    64  sys.o(i.GPIO_AF_Set)
    GPIO_Set                                 0x08000969   Thumb Code   222  sys.o(i.GPIO_Set)
    GPS_Init                                 0x08000a47   Thumb Code     8  gps.o(i.GPS_Init)
    GPS_Test                                 0x08000a51   Thumb Code   102  gps.o(i.GPS_Test)
    IR_Behind                                0x08000b11   Thumb Code    44  gps.o(i.IR_Behind)
    IR_Front                                 0x08000b45   Thumb Code    44  gps.o(i.IR_Front)
    IR_Left                                  0x08000b79   Thumb Code    44  gps.o(i.IR_Left)
    IR_Right                                 0x08000bad   Thumb Code    44  gps.o(i.IR_Right)
    IR_gpsInit                               0x08000be1   Thumb Code   202  gps.o(i.IR_gpsInit)
    KEY_Init                                 0x08000cc5   Thumb Code   208  key.o(i.KEY_Init)
    KEY_Scan                                 0x08000db5   Thumb Code  2240  key.o(i.KEY_Scan)
    LED_Init                                 0x080016a5   Thumb Code   110  led.o(i.LED_Init)
    MY_NVIC_Init                             0x08001731   Thumb Code   116  sys.o(i.MY_NVIC_Init)
    MY_NVIC_PriorityGroupConfig              0x080017a9   Thumb Code    32  sys.o(i.MY_NVIC_PriorityGroupConfig)
    MY_NVIC_SetVectorTable                   0x080017d1   Thumb Code    12  sys.o(i.MY_NVIC_SetVectorTable)
    PWM10111314_Init                         0x080017e1   Thumb Code    62  pwm10111314.o(i.PWM10111314_Init)
    PWM10_Init                               0x08001831   Thumb Code   148  pwm10111314.o(i.PWM10_Init)
    PWM11_Init                               0x080018d1   Thumb Code   148  pwm10111314.o(i.PWM11_Init)
    PWM12_1_2_Init                           0x08001971   Thumb Code   206  pwm912.o(i.PWM12_1_2_Init)
    PWM13_Init                               0x08001a4d   Thumb Code   148  pwm10111314.o(i.PWM13_Init)
    PWM14_Init                               0x08001aed   Thumb Code   128  pwm10111314.o(i.PWM14_Init)
    PWM9_1_2_Init                            0x08001b79   Thumb Code   174  pwm912.o(i.PWM9_1_2_Init)
    SERVO_Init                               0x08001c35   Thumb Code    48  pwm912.o(i.SERVO_Init)
    ServoB_Set                               0x08001c65   Thumb Code    12  pwm912.o(i.ServoB_Set)
    ServoF_Set                               0x08001c75   Thumb Code    12  pwm912.o(i.ServoF_Set)
    ServoL_Set                               0x08001c85   Thumb Code    12  pwm912.o(i.ServoL_Set)
    ServoR_Set                               0x08001c95   Thumb Code    12  pwm912.o(i.ServoR_Set)
    Stm32_Clock_Init                         0x08001ca5   Thumb Code    90  sys.o(i.Stm32_Clock_Init)
    Sys_Clock_Set                            0x08001d0d   Thumb Code   254  sys.o(i.Sys_Clock_Set)
    TIM4_IRQHandler                          0x08001e19   Thumb Code    50  usmart.o(i.TIM4_IRQHandler)
    Timer4_Init                              0x08001e55   Thumb Code    72  usmart.o(i.Timer4_Init)
    USART1_IRQHandler                        0x08001ea5   Thumb Code   116  usart.o(i.USART1_IRQHandler)
    _is_digit                                0x08001f25   Thumb Code    14  __printf_wp.o(i._is_digit)
    _sys_exit                                0x08001f33   Thumb Code     6  usart.o(i._sys_exit)
    anti_clock                               0x08001f39   Thumb Code    20  engines.o(i.anti_clock)
    clock_wise                               0x08001f4d   Thumb Code    20  engines.o(i.clock_wise)
    delay_init                               0x08001f61   Thumb Code    56  delay.o(i.delay_init)
    delay_ms                                 0x08001fa1   Thumb Code    56  delay.o(i.delay_ms)
    delay_us                                 0x08001fd9   Thumb Code    56  delay.o(i.delay_us)
    delay_xms                                0x08002015   Thumb Code    56  delay.o(i.delay_xms)
    fputc                                    0x08002051   Thumb Code    22  usart.o(i.fputc)
    go_delta_b                               0x0800206d   Thumb Code   130  engines.o(i.go_delta_b)
    go_delta_b_error                         0x080020ef   Thumb Code   130  engines.o(i.go_delta_b_error)
    go_delta_f                               0x08002171   Thumb Code   134  engines.o(i.go_delta_f)
    go_delta_f_error                         0x080021f7   Thumb Code   134  engines.o(i.go_delta_f_error)
    go_delta_f_error2                        0x0800227d   Thumb Code   110  engines.o(i.go_delta_f_error2)
    go_delta_l                               0x080022eb   Thumb Code   134  engines.o(i.go_delta_l)
    go_delta_l_error                         0x08002371   Thumb Code   134  engines.o(i.go_delta_l_error)
    go_delta_l_error2                        0x080023f7   Thumb Code   110  engines.o(i.go_delta_l_error2)
    go_delta_r                               0x08002465   Thumb Code   130  engines.o(i.go_delta_r)
    go_delta_r_error                         0x080024e7   Thumb Code   130  engines.o(i.go_delta_r_error)
    go_delta_r_error2                        0x08002569   Thumb Code   106  engines.o(i.go_delta_r_error2)
    go_enemy_72                              0x080025d3   Thumb Code    38  test.o(i.go_enemy_72)
    go_enemy_73                              0x080025f9   Thumb Code   270  test.o(i.go_enemy_73)
    go_enemy_74                              0x08002707   Thumb Code    62  test.o(i.go_enemy_74)
    go_one                                   0x08002745   Thumb Code    58  test.o(i.go_one)
    go_out                                   0x0800277f   Thumb Code   372  test.o(i.go_out)
    gob                                      0x080028f3   Thumb Code   306  engines.o(i.gob)
    gob_error                                0x08002a25   Thumb Code   306  engines.o(i.gob_error)
    gof                                      0x08002b57   Thumb Code   306  engines.o(i.gof)
    gof_error                                0x08002c89   Thumb Code   306  engines.o(i.gof_error)
    gof_error2                               0x08002dbb   Thumb Code   306  engines.o(i.gof_error2)
    gol                                      0x08002eed   Thumb Code   306  engines.o(i.gol)
    gol_error                                0x0800301f   Thumb Code   306  engines.o(i.gol_error)
    gol_error2                               0x08003151   Thumb Code   306  engines.o(i.gol_error2)
    gor                                      0x08003283   Thumb Code   306  engines.o(i.gor)
    gor_error                                0x080033b5   Thumb Code   306  engines.o(i.gor_error)
    gor_error2                               0x080034e7   Thumb Code   306  engines.o(i.gor_error2)
    head_behind                              0x08003619   Thumb Code    20  engines.o(i.head_behind)
    head_behind_left                         0x0800362d   Thumb Code    50  engines.o(i.head_behind_left)
    head_behind_right                        0x08003671   Thumb Code    52  engines.o(i.head_behind_right)
    head_front                               0x080036b5   Thumb Code    20  engines.o(i.head_front)
    head_front_left                          0x080036c9   Thumb Code    52  engines.o(i.head_front_left)
    head_front_right                         0x0800370d   Thumb Code    50  engines.o(i.head_front_right)
    head_left                                0x08003751   Thumb Code    20  engines.o(i.head_left)
    head_right                               0x08003765   Thumb Code    20  engines.o(i.head_right)
    main                                     0x08003779   Thumb Code   114  test.o(i.main)
    read_addr                                0x080037fd   Thumb Code     6  usmart.o(i.read_addr)
    running                                  0x08003805   Thumb Code  1868  test.o(i.running)
    uart_init                                0x08003f59   Thumb Code   240  usart.o(i.uart_init)
    usmart_cmd_rec                           0x08004059   Thumb Code   170  usmart.o(i.usmart_cmd_rec)
    usmart_exe                               0x08004109   Thumb Code   632  usmart.o(i.usmart_exe)
    usmart_get_aparm                         0x080043dd   Thumb Code   212  usmart_str.o(i.usmart_get_aparm)
    usmart_get_cmdname                       0x080044b1   Thumb Code    54  usmart_str.o(i.usmart_get_cmdname)
    usmart_get_fname                         0x080044e9   Thumb Code   440  usmart_str.o(i.usmart_get_fname)
    usmart_get_fparam                        0x080046a9   Thumb Code   262  usmart_str.o(i.usmart_get_fparam)
    usmart_get_parmpos                       0x080047b5   Thumb Code    26  usmart_str.o(i.usmart_get_parmpos)
    usmart_get_runtime                       0x080047d5   Thumb Code    56  usmart.o(i.usmart_get_runtime)
    usmart_init                              0x08004815   Thumb Code    36  usmart.o(i.usmart_init)
    usmart_pow                               0x0800483d   Thumb Code    22  usmart_str.o(i.usmart_pow)
    usmart_reset_runtime                     0x08004855   Thumb Code    38  usmart.o(i.usmart_reset_runtime)
    usmart_scan                              0x08004885   Thumb Code   120  usmart.o(i.usmart_scan)
    usmart_search_nextc                      0x08004941   Thumb Code    22  usmart_str.o(i.usmart_search_nextc)
    usmart_str2num                           0x08004957   Thumb Code   262  usmart_str.o(i.usmart_str2num)
    usmart_strcmp                            0x08004a5d   Thumb Code    34  usmart_str.o(i.usmart_strcmp)
    usmart_strcopy                           0x08004a7f   Thumb Code    22  usmart_str.o(i.usmart_strcopy)
    usmart_strlen                            0x08004a95   Thumb Code    24  usmart_str.o(i.usmart_strlen)
    usmart_sys_cmd_exe                       0x08004aad   Thumb Code  1570  usmart.o(i.usmart_sys_cmd_exe)
    write_addr                               0x080051a1   Thumb Code     4  usmart.o(i.write_addr)
    _fp_init                                 0x080051a5   Thumb Code    10  fpinit.o(x$fpl$fpinit)
    __fplib_config_fpu_vfp                   0x080051ad   Thumb Code     0  fpinit.o(x$fpl$fpinit)
    __fplib_config_pureend_doubles           0x080051ad   Thumb Code     0  fpinit.o(x$fpl$fpinit)
    Region$$Table$$Base                      0x08005330   Number         0  anon$$obj.o(Region$$Table)
    Region$$Table$$Limit                     0x08005350   Number         0  anon$$obj.o(Region$$Table)
    __stdout                                 0x20000004   Data           4  usart.o(.data)
    USART_RX_STA                             0x20000008   Data           2  usart.o(.data)
    sys_cmd_tab                              0x2000000c   Data          28  usmart.o(.data)
    usmart_nametab                           0x20000028   Data         104  usmart_config.o(.data)
    usmart_dev                               0x20000090   Data         244  usmart_config.o(.data)
    USART_RX_BUF                             0x20000184   Data         200  usart.o(.bss)
    __libspace_start                         0x2000024c   Data          96  libspace.o(.bss)
    __temporary_stack_top$libspace           0x200002ac   Data           0  libspace.o(.bss)



==============================================================================

Memory Map of the image

  Image Entry point : 0x08000189

  Load Region LR_IROM1 (Base: 0x08000000, Size: 0x000054d4, Max: 0x00100000, ABSOLUTE, COMPRESSED[0x000053d8])

    Execution Region ER_IROM1 (Base: 0x08000000, Size: 0x00005350, Max: 0x00100000, ABSOLUTE)

    Base Addr    Size         Type   Attr      Idx    E Section Name        Object

    0x08000000   0x00000188   Data   RO            3    RESET               startup_stm32f40_41xxx.o
    0x08000188   0x00000008   Code   RO         1135  * !!!main             c_w.l(__main.o)
    0x08000190   0x00000034   Code   RO         1306    !!!scatter          c_w.l(__scatter.o)
    0x080001c4   0x0000005a   Code   RO         1304    !!dczerorl2         c_w.l(__dczerorl2.o)
    0x0800021e   0x00000002   PAD
    0x08000220   0x0000001c   Code   RO         1308    !!handler_zi        c_w.l(__scatter_zi.o)
    0x0800023c   0x00000000   Code   RO         1132    .ARM.Collect$$_printf_percent$$00000000  c_w.l(_printf_percent.o)
    0x0800023c   0x00000006   Code   RO         1130    .ARM.Collect$$_printf_percent$$00000009  c_w.l(_printf_d.o)
    0x08000242   0x00000006   Code   RO         1131    .ARM.Collect$$_printf_percent$$0000000A  c_w.l(_printf_u.o)
    0x08000248   0x00000006   Code   RO         1129    .ARM.Collect$$_printf_percent$$0000000C  c_w.l(_printf_x.o)
    0x0800024e   0x00000006   Code   RO         1127    .ARM.Collect$$_printf_percent$$00000013  c_w.l(_printf_c.o)
    0x08000254   0x00000006   Code   RO         1128    .ARM.Collect$$_printf_percent$$00000014  c_w.l(_printf_s.o)
    0x0800025a   0x00000004   Code   RO         1146    .ARM.Collect$$_printf_percent$$00000017  c_w.l(_printf_percent_end.o)
    0x0800025e   0x00000002   Code   RO         1179    .ARM.Collect$$libinit$$00000000  c_w.l(libinit.o)
    0x08000260   0x00000004   Code   RO         1185    .ARM.Collect$$libinit$$00000001  c_w.l(libinit2.o)
    0x08000264   0x00000000   Code   RO         1188    .ARM.Collect$$libinit$$00000004  c_w.l(libinit2.o)
    0x08000264   0x00000000   Code   RO         1191    .ARM.Collect$$libinit$$0000000A  c_w.l(libinit2.o)
    0x08000264   0x00000000   Code   RO         1193    .ARM.Collect$$libinit$$0000000C  c_w.l(libinit2.o)
    0x08000264   0x00000000   Code   RO         1195    .ARM.Collect$$libinit$$0000000E  c_w.l(libinit2.o)
    0x08000264   0x00000000   Code   RO         1198    .ARM.Collect$$libinit$$00000011  c_w.l(libinit2.o)
    0x08000264   0x00000000   Code   RO         1200    .ARM.Collect$$libinit$$00000013  c_w.l(libinit2.o)
    0x08000264   0x00000000   Code   RO         1202    .ARM.Collect$$libinit$$00000015  c_w.l(libinit2.o)
    0x08000264   0x00000000   Code   RO         1204    .ARM.Collect$$libinit$$00000017  c_w.l(libinit2.o)
    0x08000264   0x00000000   Code   RO         1206    .ARM.Collect$$libinit$$00000019  c_w.l(libinit2.o)
    0x08000264   0x00000000   Code   RO         1208    .ARM.Collect$$libinit$$0000001B  c_w.l(libinit2.o)
    0x08000264   0x00000000   Code   RO         1210    .ARM.Collect$$libinit$$0000001D  c_w.l(libinit2.o)
    0x08000264   0x00000000   Code   RO         1212    .ARM.Collect$$libinit$$0000001F  c_w.l(libinit2.o)
    0x08000264   0x00000000   Code   RO         1214    .ARM.Collect$$libinit$$00000021  c_w.l(libinit2.o)
    0x08000264   0x00000000   Code   RO         1216    .ARM.Collect$$libinit$$00000023  c_w.l(libinit2.o)
    0x08000264   0x00000000   Code   RO         1218    .ARM.Collect$$libinit$$00000025  c_w.l(libinit2.o)
    0x08000264   0x00000000   Code   RO         1222    .ARM.Collect$$libinit$$0000002C  c_w.l(libinit2.o)
    0x08000264   0x00000000   Code   RO         1224    .ARM.Collect$$libinit$$0000002E  c_w.l(libinit2.o)
    0x08000264   0x00000000   Code   RO         1226    .ARM.Collect$$libinit$$00000030  c_w.l(libinit2.o)
    0x08000264   0x00000000   Code   RO         1228    .ARM.Collect$$libinit$$00000032  c_w.l(libinit2.o)
    0x08000264   0x00000002   Code   RO         1229    .ARM.Collect$$libinit$$00000033  c_w.l(libinit2.o)
    0x08000266   0x00000002   Code   RO         1247    .ARM.Collect$$libshutdown$$00000000  c_w.l(libshutdown.o)
    0x08000268   0x00000000   Code   RO         1258    .ARM.Collect$$libshutdown$$00000003  c_w.l(libshutdown2.o)
    0x08000268   0x00000000   Code   RO         1261    .ARM.Collect$$libshutdown$$00000006  c_w.l(libshutdown2.o)
    0x08000268   0x00000000   Code   RO         1264    .ARM.Collect$$libshutdown$$00000009  c_w.l(libshutdown2.o)
    0x08000268   0x00000000   Code   RO         1266    .ARM.Collect$$libshutdown$$0000000B  c_w.l(libshutdown2.o)
    0x08000268   0x00000000   Code   RO         1269    .ARM.Collect$$libshutdown$$0000000E  c_w.l(libshutdown2.o)
    0x08000268   0x00000002   Code   RO         1270    .ARM.Collect$$libshutdown$$0000000F  c_w.l(libshutdown2.o)
    0x0800026a   0x00000000   Code   RO         1139    .ARM.Collect$$rtentry$$00000000  c_w.l(__rtentry.o)
    0x0800026a   0x00000000   Code   RO         1148    .ARM.Collect$$rtentry$$00000002  c_w.l(__rtentry2.o)
    0x0800026a   0x00000006   Code   RO         1160    .ARM.Collect$$rtentry$$00000004  c_w.l(__rtentry4.o)
    0x08000270   0x00000000   Code   RO         1150    .ARM.Collect$$rtentry$$00000009  c_w.l(__rtentry2.o)
    0x08000270   0x00000004   Code   RO         1151    .ARM.Collect$$rtentry$$0000000A  c_w.l(__rtentry2.o)
    0x08000274   0x00000000   Code   RO         1153    .ARM.Collect$$rtentry$$0000000C  c_w.l(__rtentry2.o)
    0x08000274   0x00000008   Code   RO         1154    .ARM.Collect$$rtentry$$0000000D  c_w.l(__rtentry2.o)
    0x0800027c   0x00000002   Code   RO         1183    .ARM.Collect$$rtexit$$00000000  c_w.l(rtexit.o)
    0x0800027e   0x00000000   Code   RO         1231    .ARM.Collect$$rtexit$$00000002  c_w.l(rtexit2.o)
    0x0800027e   0x00000004   Code   RO         1232    .ARM.Collect$$rtexit$$00000003  c_w.l(rtexit2.o)
    0x08000282   0x00000006   Code   RO         1233    .ARM.Collect$$rtexit$$00000004  c_w.l(rtexit2.o)
    0x08000288   0x00000044   Code   RO            4    .text               startup_stm32f40_41xxx.o
    0x080002cc   0x00000002   Code   RO         1072    .text               c_w.l(use_no_semi_2.o)
    0x080002ce   0x00000002   PAD
    0x080002d0   0x00000018   Code   RO         1076    .text               c_w.l(noretval__2printf.o)
    0x080002e8   0x0000004e   Code   RO         1080    .text               c_w.l(_printf_pad.o)
    0x08000336   0x00000052   Code   RO         1082    .text               c_w.l(_printf_str.o)
    0x08000388   0x00000078   Code   RO         1084    .text               c_w.l(_printf_dec.o)
    0x08000400   0x00000058   Code   RO         1089    .text               c_w.l(_printf_hex_int.o)
    0x08000458   0x00000188   Code   RO         1124    .text               c_w.l(__printf_flags_ss_wp.o)
    0x080005e0   0x00000006   Code   RO         1133    .text               c_w.l(heapauxi.o)
    0x080005e6   0x00000002   Code   RO         1137    .text               c_w.l(use_no_semi.o)
    0x080005e8   0x000000b2   Code   RO         1140    .text               c_w.l(_printf_intcommon.o)
    0x0800069a   0x0000002c   Code   RO         1142    .text               c_w.l(_printf_char.o)
    0x080006c6   0x00000002   PAD
    0x080006c8   0x00000024   Code   RO         1144    .text               c_w.l(_printf_char_file.o)
    0x080006ec   0x00000030   Code   RO         1162    .text               c_w.l(_printf_char_common.o)
    0x0800071c   0x00000008   Code   RO         1164    .text               c_w.l(ferror.o)
    0x08000724   0x0000004a   Code   RO         1168    .text               c_w.l(sys_stackheap_outer.o)
    0x0800076e   0x0000000c   Code   RO         1172    .text               c_w.l(exit.o)
    0x0800077a   0x00000002   PAD
    0x0800077c   0x00000008   Code   RO         1180    .text               c_w.l(libspace.o)
    0x08000784   0x00000018   Code   RO          432    i.ENGINE1_cor       engines.o
    0x0800079c   0x00000018   Code   RO          433    i.ENGINE1_res       engines.o
    0x080007b4   0x00000018   Code   RO          434    i.ENGINE2_cor       engines.o
    0x080007cc   0x00000018   Code   RO          435    i.ENGINE2_res       engines.o
    0x080007e4   0x00000018   Code   RO          436    i.ENGINE3_cor       engines.o
    0x080007fc   0x00000018   Code   RO          437    i.ENGINE3_res       engines.o
    0x08000814   0x00000018   Code   RO          438    i.ENGINE4_cor       engines.o
    0x0800082c   0x00000018   Code   RO          439    i.ENGINE4_res       engines.o
    0x08000844   0x000000a8   Code   RO          440    i.ENGINES_Init      engines.o
    0x080008ec   0x0000003c   Code   RO          442    i.ENGINES_stop      engines.o
    0x08000928   0x00000040   Code   RO          195    i.GPIO_AF_Set       sys.o
    0x08000968   0x000000de   Code   RO          196    i.GPIO_Set          sys.o
    0x08000a46   0x00000008   Code   RO          749    i.GPS_Init          gps.o
    0x08000a4e   0x00000002   PAD
    0x08000a50   0x000000c0   Code   RO          750    i.GPS_Test          gps.o
    0x08000b10   0x00000034   Code   RO          751    i.IR_Behind         gps.o
    0x08000b44   0x00000034   Code   RO          752    i.IR_Front          gps.o
    0x08000b78   0x00000034   Code   RO          753    i.IR_Left           gps.o
    0x08000bac   0x00000034   Code   RO          754    i.IR_Right          gps.o
    0x08000be0   0x000000e4   Code   RO          755    i.IR_gpsInit        gps.o
    0x08000cc4   0x000000f0   Code   RO          861    i.KEY_Init          key.o
    0x08000db4   0x000008f0   Code   RO          862    i.KEY_Scan          key.o
    0x080016a4   0x0000008c   Code   RO          338    i.LED_Init          led.o
    0x08001730   0x00000078   Code   RO          199    i.MY_NVIC_Init      sys.o
    0x080017a8   0x00000028   Code   RO          200    i.MY_NVIC_PriorityGroupConfig  sys.o
    0x080017d0   0x00000010   Code   RO          201    i.MY_NVIC_SetVectorTable  sys.o
    0x080017e0   0x00000050   Code   RO          358    i.PWM10111314_Init  pwm10111314.o
    0x08001830   0x000000a0   Code   RO          359    i.PWM10_Init        pwm10111314.o
    0x080018d0   0x000000a0   Code   RO          361    i.PWM11_Init        pwm10111314.o
    0x08001970   0x000000dc   Code   RO          805    i.PWM12_1_2_Init    pwm912.o
    0x08001a4c   0x000000a0   Code   RO          363    i.PWM13_Init        pwm10111314.o
    0x08001aec   0x0000008c   Code   RO          365    i.PWM14_Init        pwm10111314.o
    0x08001b78   0x000000bc   Code   RO          806    i.PWM9_1_2_Init     pwm912.o
    0x08001c34   0x00000030   Code   RO          807    i.SERVO_Init        pwm912.o
    0x08001c64   0x00000010   Code   RO          808    i.ServoB_Set        pwm912.o
    0x08001c74   0x00000010   Code   RO          809    i.ServoF_Set        pwm912.o
    0x08001c84   0x00000010   Code   RO          810    i.ServoL_Set        pwm912.o
    0x08001c94   0x00000010   Code   RO          811    i.ServoR_Set        pwm912.o
    0x08001ca4   0x00000068   Code   RO          202    i.Stm32_Clock_Init  sys.o
    0x08001d0c   0x0000010c   Code   RO          203    i.Sys_Clock_Set     sys.o
    0x08001e18   0x0000003c   Code   RO          887    i.TIM4_IRQHandler   usmart.o
    0x08001e54   0x00000050   Code   RO          888    i.Timer4_Init       usmart.o
    0x08001ea4   0x00000080   Code   RO          289    i.USART1_IRQHandler  usart.o
    0x08001f24   0x0000000e   Code   RO         1117    i._is_digit         c_w.l(__printf_wp.o)
    0x08001f32   0x00000006   Code   RO          290    i._sys_exit         usart.o
    0x08001f38   0x00000014   Code   RO          443    i.anti_clock        engines.o
    0x08001f4c   0x00000014   Code   RO          446    i.clock_wise        engines.o
    0x08001f60   0x00000040   Code   RO          153    i.delay_init        delay.o
    0x08001fa0   0x00000038   Code   RO          154    i.delay_ms          delay.o
    0x08001fd8   0x0000003c   Code   RO          155    i.delay_us          delay.o
    0x08002014   0x0000003c   Code   RO          156    i.delay_xms         delay.o
    0x08002050   0x0000001c   Code   RO          291    i.fputc             usart.o
    0x0800206c   0x00000082   Code   RO          450    i.go_delta_b        engines.o
    0x080020ee   0x00000082   Code   RO          451    i.go_delta_b_error  engines.o
    0x08002170   0x00000086   Code   RO          453    i.go_delta_f        engines.o
    0x080021f6   0x00000086   Code   RO          454    i.go_delta_f_error  engines.o
    0x0800227c   0x0000006e   Code   RO          455    i.go_delta_f_error2  engines.o
    0x080022ea   0x00000086   Code   RO          456    i.go_delta_l        engines.o
    0x08002370   0x00000086   Code   RO          457    i.go_delta_l_error  engines.o
    0x080023f6   0x0000006e   Code   RO          458    i.go_delta_l_error2  engines.o
    0x08002464   0x00000082   Code   RO          459    i.go_delta_r        engines.o
    0x080024e6   0x00000082   Code   RO          460    i.go_delta_r_error  engines.o
    0x08002568   0x0000006a   Code   RO          461    i.go_delta_r_error2  engines.o
    0x080025d2   0x00000026   Code   RO           12    i.go_enemy_72       test.o
    0x080025f8   0x0000010e   Code   RO           13    i.go_enemy_73       test.o
    0x08002706   0x0000003e   Code   RO           14    i.go_enemy_74       test.o
    0x08002744   0x0000003a   Code   RO           15    i.go_one            test.o
    0x0800277e   0x00000174   Code   RO           16    i.go_out            test.o
    0x080028f2   0x00000132   Code   RO          462    i.gob               engines.o
    0x08002a24   0x00000132   Code   RO          463    i.gob_error         engines.o
    0x08002b56   0x00000132   Code   RO          465    i.gof               engines.o
    0x08002c88   0x00000132   Code   RO          466    i.gof_error         engines.o
    0x08002dba   0x00000132   Code   RO          467    i.gof_error2        engines.o
    0x08002eec   0x00000132   Code   RO          468    i.gol               engines.o
    0x0800301e   0x00000132   Code   RO          469    i.gol_error         engines.o
    0x08003150   0x00000132   Code   RO          470    i.gol_error2        engines.o
    0x08003282   0x00000132   Code   RO          471    i.gor               engines.o
    0x080033b4   0x00000132   Code   RO          472    i.gor_error         engines.o
    0x080034e6   0x00000132   Code   RO          473    i.gor_error2        engines.o
    0x08003618   0x00000014   Code   RO          474    i.head_behind       engines.o
    0x0800362c   0x00000044   Code   RO          475    i.head_behind_left  engines.o
    0x08003670   0x00000044   Code   RO          476    i.head_behind_right  engines.o
    0x080036b4   0x00000014   Code   RO          477    i.head_front        engines.o
    0x080036c8   0x00000044   Code   RO          478    i.head_front_left   engines.o
    0x0800370c   0x00000044   Code   RO          479    i.head_front_right  engines.o
    0x08003750   0x00000014   Code   RO          480    i.head_left         engines.o
    0x08003764   0x00000014   Code   RO          481    i.head_right        engines.o
    0x08003778   0x00000084   Code   RO           20    i.main              test.o
    0x080037fc   0x00000006   Code   RO          889    i.read_addr         usmart.o
    0x08003802   0x00000002   PAD
    0x08003804   0x00000754   Code   RO           21    i.running           test.o
    0x08003f58   0x00000100   Code   RO          292    i.uart_init         usart.o
    0x08004058   0x000000b0   Code   RO          890    i.usmart_cmd_rec    usmart.o
    0x08004108   0x000002d4   Code   RO          891    i.usmart_exe        usmart.o
    0x080043dc   0x000000d4   Code   RO          992    i.usmart_get_aparm  usmart_str.o
    0x080044b0   0x00000036   Code   RO          993    i.usmart_get_cmdname  usmart_str.o
    0x080044e6   0x00000002   PAD
    0x080044e8   0x000001c0   Code   RO          994    i.usmart_get_fname  usmart_str.o
    0x080046a8   0x0000010c   Code   RO          995    i.usmart_get_fparam  usmart_str.o
    0x080047b4   0x00000020   Code   RO          996    i.usmart_get_parmpos  usmart_str.o
    0x080047d4   0x00000040   Code   RO          892    i.usmart_get_runtime  usmart.o
    0x08004814   0x00000028   Code   RO          893    i.usmart_init       usmart.o
    0x0800483c   0x00000016   Code   RO          997    i.usmart_pow        usmart_str.o
    0x08004852   0x00000002   PAD
    0x08004854   0x00000030   Code   RO          894    i.usmart_reset_runtime  usmart.o
    0x08004884   0x000000bc   Code   RO          895    i.usmart_scan       usmart.o
    0x08004940   0x00000016   Code   RO          998    i.usmart_search_nextc  usmart_str.o
    0x08004956   0x00000106   Code   RO          999    i.usmart_str2num    usmart_str.o
    0x08004a5c   0x00000022   Code   RO         1000    i.usmart_strcmp     usmart_str.o
    0x08004a7e   0x00000016   Code   RO         1001    i.usmart_strcopy    usmart_str.o
    0x08004a94   0x00000018   Code   RO         1002    i.usmart_strlen     usmart_str.o
    0x08004aac   0x000006f4   Code   RO          896    i.usmart_sys_cmd_exe  usmart.o
    0x080051a0   0x00000004   Code   RO          897    i.write_addr        usmart.o
    0x080051a4   0x0000000a   Code   RO         1239    x$fpl$fpinit        fz_wm.l(fpinit.o)
    0x080051ae   0x00000028   Data   RO         1090    .constdata          c_w.l(_printf_hex_int.o)
    0x080051d6   0x00000011   Data   RO         1125    .constdata          c_w.l(__printf_flags_ss_wp.o)
    0x080051e7   0x00000001   PAD
    0x080051e8   0x00000028   Data   RO          898    .conststring        usmart.o
    0x08005210   0x0000011f   Data   RO          971    .conststring        usmart_config.o
    0x0800532f   0x00000001   PAD
    0x08005330   0x00000020   Data   RO         1302    Region$$Table       anon$$obj.o


    Execution Region RW_IRAM1 (Base: 0x20000000, Size: 0x000006b0, Max: 0x00020000, ABSOLUTE, COMPRESSED[0x00000088])

    Base Addr    Size         Type   Attr      Idx    E Section Name        Object

    0x20000000   0x00000004   Data   RW          157    .data               delay.o
    0x20000004   0x00000006   Data   RW          294    .data               usart.o
    0x2000000a   0x00000002   PAD
    0x2000000c   0x0000001c   Data   RW          899    .data               usmart.o
    0x20000028   0x0000015c   Data   RW          972    .data               usmart_config.o
    0x20000184   0x000000c8   Zero   RW          293    .bss                usart.o
    0x2000024c   0x00000060   Zero   RW         1181    .bss                c_w.l(libspace.o)
    0x200002ac   0x00000004   PAD
    0x200002b0   0x00000000   Zero   RW            2    HEAP                startup_stm32f40_41xxx.o
    0x200002b0   0x00000400   Zero   RW            1    STACK               startup_stm32f40_41xxx.o


==============================================================================

Image component sizes


      Code (inc. data)   RO Data    RW Data    ZI Data      Debug   Object Name

       240         16          0          4          0       2399   delay.o
      5560        162          0          0          0      27267   engines.o
       636        148          0          0          0       4011   gps.o
      2528        118          0          0          0       3242   key.o
       140         30          0          0          0        503   led.o
       700         66          0          0          0       3047   pwm10111314.o
       520         44          0          0          0       3774   pwm912.o
        68         24        392          0       1024        868   startup_stm32f40_41xxx.o
       834         44          0          0          0       4926   sys.o
      2808         44          0          0          0     238535   test.o
       418         34          0          6        200       4232   usart.o
      3170       1350         40         28          0       7678   usmart.o
         0          0        287        348          0       1620   usmart_config.o
      1400         20          0          0          0       8749   usmart_str.o

    ----------------------------------------------------------------------
     19030       2100        752        388       1224     310851   Object Totals
         0          0         32          0          0          0   (incl. Generated)
         8          0          1          2          0          0   (incl. Padding)

    ----------------------------------------------------------------------

      Code (inc. data)   RO Data    RW Data    ZI Data      Debug   Library Member Name

        90          0          0          0          0          0   __dczerorl2.o
         8          0          0          0          0         68   __main.o
       392          4         17          0          0         92   __printf_flags_ss_wp.o
        14          0          0          0          0         68   __printf_wp.o
         0          0          0          0          0          0   __rtentry.o
        12          0          0          0          0          0   __rtentry2.o
         6          0          0          0          0          0   __rtentry4.o
        52          8          0          0          0          0   __scatter.o
        28          0          0          0          0          0   __scatter_zi.o
         6          0          0          0          0          0   _printf_c.o
        44          0          0          0          0        108   _printf_char.o
        48          6          0          0          0         96   _printf_char_common.o
        36          4          0          0          0         80   _printf_char_file.o
         6          0          0          0          0          0   _printf_d.o
       120         16          0          0          0         92   _printf_dec.o
        88          4         40          0          0         88   _printf_hex_int.o
       178          0          0          0          0         88   _printf_intcommon.o
        78          0          0          0          0        108   _printf_pad.o
         0          0          0          0          0          0   _printf_percent.o
         4          0          0          0          0          0   _printf_percent_end.o
         6          0          0          0          0          0   _printf_s.o
        82          0          0          0          0         80   _printf_str.o
         6          0          0          0          0          0   _printf_u.o
         6          0          0          0          0          0   _printf_x.o
        12          0          0          0          0         72   exit.o
         8          0          0          0          0         68   ferror.o
         6          0          0          0          0        152   heapauxi.o
         2          0          0          0          0          0   libinit.o
         6          0          0          0          0          0   libinit2.o
         2          0          0          0          0          0   libshutdown.o
         2          0          0          0          0          0   libshutdown2.o
         8          4          0          0         96         68   libspace.o
        24          4          0          0          0         84   noretval__2printf.o
         2          0          0          0          0          0   rtexit.o
        10          0          0          0          0          0   rtexit2.o
        74          0          0          0          0         80   sys_stackheap_outer.o
         2          0          0          0          0         68   use_no_semi.o
         2          0          0          0          0         68   use_no_semi_2.o
        10          0          0          0          0        116   fpinit.o

    ----------------------------------------------------------------------
      1488         50         58          0        100       1744   Library Totals
         8          0          1          0          4          0   (incl. Padding)

    ----------------------------------------------------------------------

      Code (inc. data)   RO Data    RW Data    ZI Data      Debug   Library Name

      1470         50         57          0         96       1628   c_w.l
        10          0          0          0          0        116   fz_wm.l

    ----------------------------------------------------------------------
      1488         50         58          0        100       1744   Library Totals

    ----------------------------------------------------------------------

==============================================================================


      Code (inc. data)   RO Data    RW Data    ZI Data      Debug   

     20518       2150        810        388       1324     301415   Grand Totals
     20518       2150        810        136       1324     301415   ELF Image Totals (compressed)
     20518       2150        810        136          0          0   ROM Totals

==============================================================================

    Total RO  Size (Code + RO Data)                21328 (  20.83kB)
    Total RW  Size (RW Data + ZI Data)              1712 (   1.67kB)
    Total ROM Size (Code + RO Data + RW Data)      21464 (  20.96kB)

==============================================================================

